Classic Timing Analyzer report for sevenLedPattern
Thu Oct 28 10:50:09 2021
Quartus II Version 8.1 Build 163 10/28/2008 SJ Web Edition


---------------------
; Table of Contents ;
---------------------
  1. Legal Notice
  2. Timing Analyzer Summary
  3. Timing Analyzer Settings
  4. Clock Settings Summary
  5. Clock Setup: 'clk'
  6. tsu
  7. tco
  8. th
  9. Timing Analyzer Messages



----------------
; Legal Notice ;
----------------
Copyright (C) 1991-2008 Altera Corporation
Your use of Altera Corporation's design tools, logic functions 
and other software and tools, and its AMPP partner logic 
functions, and any output files from any of the foregoing 
(including device programming or simulation files), and any 
associated documentation or information are expressly subject 
to the terms and conditions of the Altera Program License 
Subscription Agreement, Altera MegaCore Function License 
Agreement, or other applicable license agreement, including, 
without limitation, that your use is for the sole purpose of 
programming logic devices manufactured by Altera and sold by 
Altera or its authorized distributors.  Please refer to the 
applicable agreement for further details.



+--------------------------------------------------------------------------------------------------------------------------------------------------------------+
; Timing Analyzer Summary                                                                                                                                      ;
+------------------------------+-------+---------------+----------------------------------+-----------------+-----------+------------+----------+--------------+
; Type                         ; Slack ; Required Time ; Actual Time                      ; From            ; To        ; From Clock ; To Clock ; Failed Paths ;
+------------------------------+-------+---------------+----------------------------------+-----------------+-----------+------------+----------+--------------+
; Worst-case tsu               ; N/A   ; None          ; 1.887 ns                         ; reset           ; clk1      ; --         ; clk      ; 0            ;
; Worst-case tco               ; N/A   ; None          ; 20.861 ns                        ; scanout[0]~reg0 ; segout[5] ; clk        ; --       ; 0            ;
; Worst-case th                ; N/A   ; None          ; 3.047 ns                         ; reset           ; OuOmode   ; --         ; clk      ; 0            ;
; Clock Setup: 'clk'           ; N/A   ; None          ; 60.96 MHz ( period = 16.404 ns ) ; q[1][5]         ; q[2][5]   ; clk        ; clk      ; 0            ;
; Total number of failed paths ;       ;               ;                                  ;                 ;           ;            ;          ; 0            ;
+------------------------------+-------+---------------+----------------------------------+-----------------+-----------+------------+----------+--------------+


+--------------------------------------------------------------------------------------------------------------------+
; Timing Analyzer Settings                                                                                           ;
+---------------------------------------------------------------------+--------------------+------+----+-------------+
; Option                                                              ; Setting            ; From ; To ; Entity Name ;
+---------------------------------------------------------------------+--------------------+------+----+-------------+
; Device Name                                                         ; EPM570T144C5       ;      ;    ;             ;
; Timing Models                                                       ; Final              ;      ;    ;             ;
; Default hold multicycle                                             ; Same as Multicycle ;      ;    ;             ;
; Cut paths between unrelated clock domains                           ; On                 ;      ;    ;             ;
; Cut off read during write signal paths                              ; On                 ;      ;    ;             ;
; Cut off feedback from I/O pins                                      ; On                 ;      ;    ;             ;
; Report Combined Fast/Slow Timing                                    ; Off                ;      ;    ;             ;
; Ignore Clock Settings                                               ; Off                ;      ;    ;             ;
; Analyze latches as synchronous elements                             ; On                 ;      ;    ;             ;
; Enable Recovery/Removal analysis                                    ; Off                ;      ;    ;             ;
; Enable Clock Latency                                                ; Off                ;      ;    ;             ;
; Use TimeQuest Timing Analyzer                                       ; Off                ;      ;    ;             ;
; Minimum Core Junction Temperature                                   ; 0                  ;      ;    ;             ;
; Maximum Core Junction Temperature                                   ; 85                 ;      ;    ;             ;
; Number of source nodes to report per destination node               ; 10                 ;      ;    ;             ;
; Number of destination nodes to report                               ; 10                 ;      ;    ;             ;
; Number of paths to report                                           ; 200                ;      ;    ;             ;
; Report Minimum Timing Checks                                        ; Off                ;      ;    ;             ;
; Use Fast Timing Models                                              ; Off                ;      ;    ;             ;
; Report IO Paths Separately                                          ; Off                ;      ;    ;             ;
; Perform Multicorner Analysis                                        ; Off                ;      ;    ;             ;
; Reports the worst-case path for each clock domain and analysis      ; Off                ;      ;    ;             ;
; Removes common clock path pessimism (CCPP) during slack computation ; Off                ;      ;    ;             ;
; Output I/O Timing Endpoint                                          ; Near End           ;      ;    ;             ;
+---------------------------------------------------------------------+--------------------+------+----+-------------+


+------------------------------------------------------------------------------------------------------------------------------------------------------------------------------------+
; Clock Settings Summary                                                                                                                                                             ;
+-----------------+--------------------+----------+------------------+---------------+--------------+----------+-----------------------+---------------------+--------+--------------+
; Clock Node Name ; Clock Setting Name ; Type     ; Fmax Requirement ; Early Latency ; Late Latency ; Based on ; Multiply Base Fmax by ; Divide Base Fmax by ; Offset ; Phase offset ;
+-----------------+--------------------+----------+------------------+---------------+--------------+----------+-----------------------+---------------------+--------+--------------+
; clk             ;                    ; User Pin ; None             ; 0.000 ns      ; 0.000 ns     ; --       ; N/A                   ; N/A                 ; N/A    ;              ;
+-----------------+--------------------+----------+------------------+---------------+--------------+----------+-----------------------+---------------------+--------+--------------+


+---------------------------------------------------------------------------------------------------------------------------------------------------------------------------------------------------------------------------------------+
; Clock Setup: 'clk'                                                                                                                                                                                                                    ;
+-----------------------------------------+-----------------------------------------------------+------------+--------------+------------+----------+-----------------------------+---------------------------+-------------------------+
; Slack                                   ; Actual fmax (period)                                ; From       ; To           ; From Clock ; To Clock ; Required Setup Relationship ; Required Longest P2P Time ; Actual Longest P2P Time ;
+-----------------------------------------+-----------------------------------------------------+------------+--------------+------------+----------+-----------------------------+---------------------------+-------------------------+
; N/A                                     ; 60.96 MHz ( period = 16.404 ns )                    ; q[1][5]    ; q[2][0]      ; clk        ; clk      ; None                        ; None                      ; 15.695 ns               ;
; N/A                                     ; 60.96 MHz ( period = 16.404 ns )                    ; q[1][5]    ; q[2][1]      ; clk        ; clk      ; None                        ; None                      ; 15.695 ns               ;
; N/A                                     ; 60.96 MHz ( period = 16.404 ns )                    ; q[1][5]    ; q[2][2]      ; clk        ; clk      ; None                        ; None                      ; 15.695 ns               ;
; N/A                                     ; 60.96 MHz ( period = 16.404 ns )                    ; q[1][5]    ; q[2][6]      ; clk        ; clk      ; None                        ; None                      ; 15.695 ns               ;
; N/A                                     ; 60.96 MHz ( period = 16.404 ns )                    ; q[1][5]    ; q[2][5]      ; clk        ; clk      ; None                        ; None                      ; 15.695 ns               ;
; N/A                                     ; 61.92 MHz ( period = 16.151 ns )                    ; q[1][4]    ; q[2][0]      ; clk        ; clk      ; None                        ; None                      ; 15.442 ns               ;
; N/A                                     ; 61.92 MHz ( period = 16.151 ns )                    ; q[1][4]    ; q[2][1]      ; clk        ; clk      ; None                        ; None                      ; 15.442 ns               ;
; N/A                                     ; 61.92 MHz ( period = 16.151 ns )                    ; q[1][4]    ; q[2][2]      ; clk        ; clk      ; None                        ; None                      ; 15.442 ns               ;
; N/A                                     ; 61.92 MHz ( period = 16.151 ns )                    ; q[1][4]    ; q[2][6]      ; clk        ; clk      ; None                        ; None                      ; 15.442 ns               ;
; N/A                                     ; 61.92 MHz ( period = 16.151 ns )                    ; q[1][4]    ; q[2][5]      ; clk        ; clk      ; None                        ; None                      ; 15.442 ns               ;
; N/A                                     ; 62.09 MHz ( period = 16.105 ns )                    ; q[1][5]    ; q[6][5]      ; clk        ; clk      ; None                        ; None                      ; 15.396 ns               ;
; N/A                                     ; 62.12 MHz ( period = 16.099 ns )                    ; q[1][5]    ; q[6][0]      ; clk        ; clk      ; None                        ; None                      ; 15.390 ns               ;
; N/A                                     ; 62.12 MHz ( period = 16.098 ns )                    ; q[1][5]    ; q[6][4]      ; clk        ; clk      ; None                        ; None                      ; 15.389 ns               ;
; N/A                                     ; 62.16 MHz ( period = 16.087 ns )                    ; q[4][3]    ; q[6][5]      ; clk        ; clk      ; None                        ; None                      ; 15.378 ns               ;
; N/A                                     ; 62.19 MHz ( period = 16.081 ns )                    ; q[4][3]    ; q[6][0]      ; clk        ; clk      ; None                        ; None                      ; 15.372 ns               ;
; N/A                                     ; 62.19 MHz ( period = 16.080 ns )                    ; q[4][3]    ; q[6][4]      ; clk        ; clk      ; None                        ; None                      ; 15.371 ns               ;
; N/A                                     ; 62.30 MHz ( period = 16.052 ns )                    ; q[2][6]    ; q[6][5]      ; clk        ; clk      ; None                        ; None                      ; 15.343 ns               ;
; N/A                                     ; 62.32 MHz ( period = 16.046 ns )                    ; q[2][6]    ; q[6][0]      ; clk        ; clk      ; None                        ; None                      ; 15.337 ns               ;
; N/A                                     ; 62.32 MHz ( period = 16.045 ns )                    ; q[2][6]    ; q[6][4]      ; clk        ; clk      ; None                        ; None                      ; 15.336 ns               ;
; N/A                                     ; 62.71 MHz ( period = 15.946 ns )                    ; q[1][5]    ; q[4][6]      ; clk        ; clk      ; None                        ; None                      ; 15.237 ns               ;
; N/A                                     ; 62.90 MHz ( period = 15.898 ns )                    ; q[4][0]    ; q[6][5]      ; clk        ; clk      ; None                        ; None                      ; 15.189 ns               ;
; N/A                                     ; 62.92 MHz ( period = 15.892 ns )                    ; q[4][0]    ; q[6][0]      ; clk        ; clk      ; None                        ; None                      ; 15.183 ns               ;
; N/A                                     ; 62.92 MHz ( period = 15.892 ns )                    ; q[6][3]    ; q[7][1]      ; clk        ; clk      ; None                        ; None                      ; 15.183 ns               ;
; N/A                                     ; 62.93 MHz ( period = 15.891 ns )                    ; q[6][3]    ; q[7][0]      ; clk        ; clk      ; None                        ; None                      ; 15.182 ns               ;
; N/A                                     ; 62.93 MHz ( period = 15.891 ns )                    ; q[6][3]    ; q[7][2]      ; clk        ; clk      ; None                        ; None                      ; 15.182 ns               ;
; N/A                                     ; 62.93 MHz ( period = 15.891 ns )                    ; q[4][0]    ; q[6][4]      ; clk        ; clk      ; None                        ; None                      ; 15.182 ns               ;
; N/A                                     ; 62.96 MHz ( period = 15.883 ns )                    ; q[2][0]    ; q[6][5]      ; clk        ; clk      ; None                        ; None                      ; 15.174 ns               ;
; N/A                                     ; 62.98 MHz ( period = 15.877 ns )                    ; q[2][0]    ; q[6][0]      ; clk        ; clk      ; None                        ; None                      ; 15.168 ns               ;
; N/A                                     ; 62.99 MHz ( period = 15.876 ns )                    ; q[2][0]    ; q[6][4]      ; clk        ; clk      ; None                        ; None                      ; 15.167 ns               ;
; N/A                                     ; 63.08 MHz ( period = 15.852 ns )                    ; q[1][4]    ; q[6][5]      ; clk        ; clk      ; None                        ; None                      ; 15.143 ns               ;
; N/A                                     ; 63.10 MHz ( period = 15.848 ns )                    ; q[6][3]    ; q[6][5]      ; clk        ; clk      ; None                        ; None                      ; 15.139 ns               ;
; N/A                                     ; 63.11 MHz ( period = 15.846 ns )                    ; q[1][4]    ; q[6][0]      ; clk        ; clk      ; None                        ; None                      ; 15.137 ns               ;
; N/A                                     ; 63.11 MHz ( period = 15.845 ns )                    ; q[1][4]    ; q[6][4]      ; clk        ; clk      ; None                        ; None                      ; 15.136 ns               ;
; N/A                                     ; 63.12 MHz ( period = 15.844 ns )                    ; q[1][2]    ; q[2][0]      ; clk        ; clk      ; None                        ; None                      ; 15.135 ns               ;
; N/A                                     ; 63.12 MHz ( period = 15.844 ns )                    ; q[1][2]    ; q[2][1]      ; clk        ; clk      ; None                        ; None                      ; 15.135 ns               ;
; N/A                                     ; 63.12 MHz ( period = 15.844 ns )                    ; q[1][2]    ; q[2][2]      ; clk        ; clk      ; None                        ; None                      ; 15.135 ns               ;
; N/A                                     ; 63.12 MHz ( period = 15.844 ns )                    ; q[1][2]    ; q[2][6]      ; clk        ; clk      ; None                        ; None                      ; 15.135 ns               ;
; N/A                                     ; 63.12 MHz ( period = 15.844 ns )                    ; q[1][2]    ; q[2][5]      ; clk        ; clk      ; None                        ; None                      ; 15.135 ns               ;
; N/A                                     ; 63.12 MHz ( period = 15.842 ns )                    ; q[6][3]    ; q[6][0]      ; clk        ; clk      ; None                        ; None                      ; 15.133 ns               ;
; N/A                                     ; 63.13 MHz ( period = 15.841 ns )                    ; q[6][3]    ; q[6][4]      ; clk        ; clk      ; None                        ; None                      ; 15.132 ns               ;
; N/A                                     ; 63.50 MHz ( period = 15.748 ns )                    ; q[6][2]    ; q[6][5]      ; clk        ; clk      ; None                        ; None                      ; 15.039 ns               ;
; N/A                                     ; 63.52 MHz ( period = 15.742 ns )                    ; q[6][2]    ; q[6][0]      ; clk        ; clk      ; None                        ; None                      ; 15.033 ns               ;
; N/A                                     ; 63.53 MHz ( period = 15.741 ns )                    ; q[6][2]    ; q[6][4]      ; clk        ; clk      ; None                        ; None                      ; 15.032 ns               ;
; N/A                                     ; 63.60 MHz ( period = 15.724 ns )                    ; q[6][3]    ; q[7][4]      ; clk        ; clk      ; None                        ; None                      ; 15.015 ns               ;
; N/A                                     ; 63.63 MHz ( period = 15.717 ns )                    ; q[6][3]    ; q[7][3]      ; clk        ; clk      ; None                        ; None                      ; 15.008 ns               ;
; N/A                                     ; 63.66 MHz ( period = 15.708 ns )                    ; q[2][5]    ; q[6][5]      ; clk        ; clk      ; None                        ; None                      ; 14.999 ns               ;
; N/A                                     ; 63.69 MHz ( period = 15.702 ns )                    ; q[2][5]    ; q[6][0]      ; clk        ; clk      ; None                        ; None                      ; 14.993 ns               ;
; N/A                                     ; 63.69 MHz ( period = 15.701 ns )                    ; q[2][5]    ; q[6][4]      ; clk        ; clk      ; None                        ; None                      ; 14.992 ns               ;
; N/A                                     ; 63.72 MHz ( period = 15.693 ns )                    ; q[1][4]    ; q[4][6]      ; clk        ; clk      ; None                        ; None                      ; 14.984 ns               ;
; N/A                                     ; 64.06 MHz ( period = 15.610 ns )                    ; q[6][2]    ; q[1][0]      ; clk        ; clk      ; None                        ; None                      ; 14.901 ns               ;
; N/A                                     ; 64.06 MHz ( period = 15.610 ns )                    ; q[6][2]    ; q[1][6]      ; clk        ; clk      ; None                        ; None                      ; 14.901 ns               ;
; N/A                                     ; 64.06 MHz ( period = 15.610 ns )                    ; q[6][2]    ; q[1][5]      ; clk        ; clk      ; None                        ; None                      ; 14.901 ns               ;
; N/A                                     ; 64.06 MHz ( period = 15.610 ns )                    ; q[6][2]    ; q[1][4]      ; clk        ; clk      ; None                        ; None                      ; 14.901 ns               ;
; N/A                                     ; 64.09 MHz ( period = 15.602 ns )                    ; q[1][5]    ; q[3][0]      ; clk        ; clk      ; None                        ; None                      ; 14.893 ns               ;
; N/A                                     ; 64.31 MHz ( period = 15.549 ns )                    ; q[4][2]    ; q[6][5]      ; clk        ; clk      ; None                        ; None                      ; 14.840 ns               ;
; N/A                                     ; 64.32 MHz ( period = 15.548 ns )                    ; q[1][1]    ; q[2][0]      ; clk        ; clk      ; None                        ; None                      ; 14.839 ns               ;
; N/A                                     ; 64.32 MHz ( period = 15.548 ns )                    ; q[1][1]    ; q[2][1]      ; clk        ; clk      ; None                        ; None                      ; 14.839 ns               ;
; N/A                                     ; 64.32 MHz ( period = 15.548 ns )                    ; q[1][1]    ; q[2][2]      ; clk        ; clk      ; None                        ; None                      ; 14.839 ns               ;
; N/A                                     ; 64.32 MHz ( period = 15.548 ns )                    ; q[1][1]    ; q[2][6]      ; clk        ; clk      ; None                        ; None                      ; 14.839 ns               ;
; N/A                                     ; 64.32 MHz ( period = 15.548 ns )                    ; q[1][1]    ; q[2][5]      ; clk        ; clk      ; None                        ; None                      ; 14.839 ns               ;
; N/A                                     ; 64.33 MHz ( period = 15.545 ns )                    ; q[1][2]    ; q[6][5]      ; clk        ; clk      ; None                        ; None                      ; 14.836 ns               ;
; N/A                                     ; 64.34 MHz ( period = 15.543 ns )                    ; q[4][2]    ; q[6][0]      ; clk        ; clk      ; None                        ; None                      ; 14.834 ns               ;
; N/A                                     ; 64.34 MHz ( period = 15.543 ns )                    ; q[4][5]    ; q[6][5]      ; clk        ; clk      ; None                        ; None                      ; 14.834 ns               ;
; N/A                                     ; 64.34 MHz ( period = 15.542 ns )                    ; q[4][2]    ; q[6][4]      ; clk        ; clk      ; None                        ; None                      ; 14.833 ns               ;
; N/A                                     ; 64.35 MHz ( period = 15.539 ns )                    ; q[1][2]    ; q[6][0]      ; clk        ; clk      ; None                        ; None                      ; 14.830 ns               ;
; N/A                                     ; 64.36 MHz ( period = 15.538 ns )                    ; q[1][2]    ; q[6][4]      ; clk        ; clk      ; None                        ; None                      ; 14.829 ns               ;
; N/A                                     ; 64.36 MHz ( period = 15.537 ns )                    ; q[4][5]    ; q[6][0]      ; clk        ; clk      ; None                        ; None                      ; 14.828 ns               ;
; N/A                                     ; 64.37 MHz ( period = 15.536 ns )                    ; q[4][5]    ; q[6][4]      ; clk        ; clk      ; None                        ; None                      ; 14.827 ns               ;
; N/A                                     ; 64.50 MHz ( period = 15.503 ns )                    ; q[6][6]    ; q[6][5]      ; clk        ; clk      ; None                        ; None                      ; 14.794 ns               ;
; N/A                                     ; 64.52 MHz ( period = 15.498 ns )                    ; q[1][5]    ; q[4][0]      ; clk        ; clk      ; None                        ; None                      ; 14.789 ns               ;
; N/A                                     ; 64.52 MHz ( period = 15.498 ns )                    ; q[1][5]    ; q[4][1]      ; clk        ; clk      ; None                        ; None                      ; 14.789 ns               ;
; N/A                                     ; 64.52 MHz ( period = 15.498 ns )                    ; q[1][5]    ; q[4][2]      ; clk        ; clk      ; None                        ; None                      ; 14.789 ns               ;
; N/A                                     ; 64.52 MHz ( period = 15.498 ns )                    ; q[1][5]    ; q[4][3]      ; clk        ; clk      ; None                        ; None                      ; 14.789 ns               ;
; N/A                                     ; 64.52 MHz ( period = 15.498 ns )                    ; q[1][5]    ; q[4][5]      ; clk        ; clk      ; None                        ; None                      ; 14.789 ns               ;
; N/A                                     ; 64.53 MHz ( period = 15.497 ns )                    ; q[6][6]    ; q[6][0]      ; clk        ; clk      ; None                        ; None                      ; 14.788 ns               ;
; N/A                                     ; 64.53 MHz ( period = 15.496 ns )                    ; q[6][6]    ; q[6][4]      ; clk        ; clk      ; None                        ; None                      ; 14.787 ns               ;
; N/A                                     ; 64.54 MHz ( period = 15.494 ns )                    ; q[6][2]    ; clkCNT[19]   ; clk        ; clk      ; None                        ; None                      ; 14.785 ns               ;
; N/A                                     ; 64.54 MHz ( period = 15.494 ns )                    ; q[6][2]    ; clkCNT[23]   ; clk        ; clk      ; None                        ; None                      ; 14.785 ns               ;
; N/A                                     ; 64.54 MHz ( period = 15.494 ns )                    ; q[6][2]    ; clkCNT[20]   ; clk        ; clk      ; None                        ; None                      ; 14.785 ns               ;
; N/A                                     ; 64.70 MHz ( period = 15.455 ns )                    ; q[7][0]    ; q[6][5]      ; clk        ; clk      ; None                        ; None                      ; 14.746 ns               ;
; N/A                                     ; 64.73 MHz ( period = 15.449 ns )                    ; q[7][0]    ; q[6][0]      ; clk        ; clk      ; None                        ; None                      ; 14.740 ns               ;
; N/A                                     ; 64.73 MHz ( period = 15.448 ns )                    ; q[7][0]    ; q[6][4]      ; clk        ; clk      ; None                        ; None                      ; 14.739 ns               ;
; N/A                                     ; 64.75 MHz ( period = 15.445 ns )                    ; q[6][2]    ; q[2][0]      ; clk        ; clk      ; None                        ; None                      ; 14.736 ns               ;
; N/A                                     ; 64.75 MHz ( period = 15.445 ns )                    ; q[6][2]    ; q[2][1]      ; clk        ; clk      ; None                        ; None                      ; 14.736 ns               ;
; N/A                                     ; 64.75 MHz ( period = 15.445 ns )                    ; q[6][2]    ; q[2][2]      ; clk        ; clk      ; None                        ; None                      ; 14.736 ns               ;
; N/A                                     ; 64.75 MHz ( period = 15.445 ns )                    ; q[6][2]    ; q[2][6]      ; clk        ; clk      ; None                        ; None                      ; 14.736 ns               ;
; N/A                                     ; 64.75 MHz ( period = 15.445 ns )                    ; q[6][2]    ; q[2][5]      ; clk        ; clk      ; None                        ; None                      ; 14.736 ns               ;
; N/A                                     ; 64.85 MHz ( period = 15.420 ns )                    ; clkCNT[23] ; cnt_scan[25] ; clk        ; clk      ; None                        ; None                      ; 10.005 ns               ;
; N/A                                     ; 64.85 MHz ( period = 15.420 ns )                    ; clkCNT[23] ; cnt_scan[19] ; clk        ; clk      ; None                        ; None                      ; 10.005 ns               ;
; N/A                                     ; 64.85 MHz ( period = 15.420 ns )                    ; clkCNT[23] ; cnt_scan[18] ; clk        ; clk      ; None                        ; None                      ; 10.005 ns               ;
; N/A                                     ; 64.85 MHz ( period = 15.420 ns )                    ; clkCNT[23] ; cnt_scan[20] ; clk        ; clk      ; None                        ; None                      ; 10.005 ns               ;
; N/A                                     ; 64.85 MHz ( period = 15.420 ns )                    ; clkCNT[23] ; cnt_scan[21] ; clk        ; clk      ; None                        ; None                      ; 10.005 ns               ;
; N/A                                     ; 64.85 MHz ( period = 15.420 ns )                    ; clkCNT[23] ; cnt_scan[23] ; clk        ; clk      ; None                        ; None                      ; 10.005 ns               ;
; N/A                                     ; 64.85 MHz ( period = 15.420 ns )                    ; clkCNT[23] ; cnt_scan[22] ; clk        ; clk      ; None                        ; None                      ; 10.005 ns               ;
; N/A                                     ; 64.85 MHz ( period = 15.420 ns )                    ; clkCNT[23] ; cnt_scan[24] ; clk        ; clk      ; None                        ; None                      ; 10.005 ns               ;
; N/A                                     ; 64.96 MHz ( period = 15.395 ns )                    ; q[4][6]    ; q[6][5]      ; clk        ; clk      ; None                        ; None                      ; 14.686 ns               ;
; N/A                                     ; 64.98 MHz ( period = 15.389 ns )                    ; q[4][6]    ; q[6][0]      ; clk        ; clk      ; None                        ; None                      ; 14.680 ns               ;
; N/A                                     ; 64.99 MHz ( period = 15.388 ns )                    ; q[4][6]    ; q[6][4]      ; clk        ; clk      ; None                        ; None                      ; 14.679 ns               ;
; N/A                                     ; 64.99 MHz ( period = 15.386 ns )                    ; q[1][2]    ; q[4][6]      ; clk        ; clk      ; None                        ; None                      ; 14.677 ns               ;
; N/A                                     ; 65.02 MHz ( period = 15.380 ns )                    ; clkCNT[23] ; cnt_scan[15] ; clk        ; clk      ; None                        ; None                      ; 9.965 ns                ;
; N/A                                     ; 65.02 MHz ( period = 15.380 ns )                    ; clkCNT[23] ; cnt_scan[14] ; clk        ; clk      ; None                        ; None                      ; 9.965 ns                ;
; N/A                                     ; 65.02 MHz ( period = 15.380 ns )                    ; clkCNT[23] ; cnt_scan[12] ; clk        ; clk      ; None                        ; None                      ; 9.965 ns                ;
; N/A                                     ; 65.02 MHz ( period = 15.380 ns )                    ; clkCNT[23] ; cnt_scan[13] ; clk        ; clk      ; None                        ; None                      ; 9.965 ns                ;
; N/A                                     ; 65.02 MHz ( period = 15.380 ns )                    ; clkCNT[23] ; cnt_scan[10] ; clk        ; clk      ; None                        ; None                      ; 9.965 ns                ;
; N/A                                     ; 65.02 MHz ( period = 15.380 ns )                    ; clkCNT[23] ; cnt_scan[9]  ; clk        ; clk      ; None                        ; None                      ; 9.965 ns                ;
; N/A                                     ; 65.02 MHz ( period = 15.380 ns )                    ; clkCNT[23] ; cnt_scan[8]  ; clk        ; clk      ; None                        ; None                      ; 9.965 ns                ;
; N/A                                     ; 65.02 MHz ( period = 15.380 ns )                    ; clkCNT[23] ; cnt_scan[16] ; clk        ; clk      ; None                        ; None                      ; 9.965 ns                ;
; N/A                                     ; 65.02 MHz ( period = 15.380 ns )                    ; clkCNT[23] ; cnt_scan[11] ; clk        ; clk      ; None                        ; None                      ; 9.965 ns                ;
; N/A                                     ; 65.02 MHz ( period = 15.380 ns )                    ; clkCNT[23] ; cnt_scan[17] ; clk        ; clk      ; None                        ; None                      ; 9.965 ns                ;
; N/A                                     ; 65.04 MHz ( period = 15.376 ns )                    ; clkCNT[23] ; cnt_scan[7]  ; clk        ; clk      ; None                        ; None                      ; 9.961 ns                ;
; N/A                                     ; 65.04 MHz ( period = 15.376 ns )                    ; clkCNT[23] ; cnt_scan[2]  ; clk        ; clk      ; None                        ; None                      ; 9.961 ns                ;
; N/A                                     ; 65.04 MHz ( period = 15.376 ns )                    ; clkCNT[23] ; cnt_scan[6]  ; clk        ; clk      ; None                        ; None                      ; 9.961 ns                ;
; N/A                                     ; 65.04 MHz ( period = 15.376 ns )                    ; clkCNT[23] ; cnt_scan[5]  ; clk        ; clk      ; None                        ; None                      ; 9.961 ns                ;
; N/A                                     ; 65.04 MHz ( period = 15.376 ns )                    ; clkCNT[23] ; cnt_scan[4]  ; clk        ; clk      ; None                        ; None                      ; 9.961 ns                ;
; N/A                                     ; 65.04 MHz ( period = 15.376 ns )                    ; clkCNT[23] ; cnt_scan[3]  ; clk        ; clk      ; None                        ; None                      ; 9.961 ns                ;
; N/A                                     ; 65.04 MHz ( period = 15.376 ns )                    ; clkCNT[23] ; cnt_scan[0]  ; clk        ; clk      ; None                        ; None                      ; 9.961 ns                ;
; N/A                                     ; 65.04 MHz ( period = 15.376 ns )                    ; clkCNT[23] ; cnt_scan[1]  ; clk        ; clk      ; None                        ; None                      ; 9.961 ns                ;
; N/A                                     ; 65.07 MHz ( period = 15.367 ns )                    ; q[0][2]    ; q[6][0]      ; clk        ; clk      ; None                        ; None                      ; 14.658 ns               ;
; N/A                                     ; 65.08 MHz ( period = 15.365 ns )                    ; q[6][6]    ; q[1][0]      ; clk        ; clk      ; None                        ; None                      ; 14.656 ns               ;
; N/A                                     ; 65.08 MHz ( period = 15.365 ns )                    ; q[6][6]    ; q[1][6]      ; clk        ; clk      ; None                        ; None                      ; 14.656 ns               ;
; N/A                                     ; 65.08 MHz ( period = 15.365 ns )                    ; q[6][6]    ; q[1][5]      ; clk        ; clk      ; None                        ; None                      ; 14.656 ns               ;
; N/A                                     ; 65.08 MHz ( period = 15.365 ns )                    ; q[6][6]    ; q[1][4]      ; clk        ; clk      ; None                        ; None                      ; 14.656 ns               ;
; N/A                                     ; 65.11 MHz ( period = 15.358 ns )                    ; q[0][6]    ; q[6][0]      ; clk        ; clk      ; None                        ; None                      ; 14.649 ns               ;
; N/A                                     ; 65.15 MHz ( period = 15.349 ns )                    ; q[1][4]    ; q[3][0]      ; clk        ; clk      ; None                        ; None                      ; 14.640 ns               ;
; N/A                                     ; 65.16 MHz ( period = 15.347 ns )                    ; q[2][2]    ; q[6][5]      ; clk        ; clk      ; None                        ; None                      ; 14.638 ns               ;
; N/A                                     ; 65.18 MHz ( period = 15.341 ns )                    ; q[2][2]    ; q[6][0]      ; clk        ; clk      ; None                        ; None                      ; 14.632 ns               ;
; N/A                                     ; 65.19 MHz ( period = 15.340 ns )                    ; q[2][2]    ; q[6][4]      ; clk        ; clk      ; None                        ; None                      ; 14.631 ns               ;
; N/A                                     ; 65.25 MHz ( period = 15.325 ns )                    ; q[0][0]    ; q[6][5]      ; clk        ; clk      ; None                        ; None                      ; 14.616 ns               ;
; N/A                                     ; 65.26 MHz ( period = 15.323 ns )                    ; q[7][4]    ; q[6][5]      ; clk        ; clk      ; None                        ; None                      ; 14.614 ns               ;
; N/A                                     ; 65.28 MHz ( period = 15.319 ns )                    ; q[0][0]    ; q[6][0]      ; clk        ; clk      ; None                        ; None                      ; 14.610 ns               ;
; N/A                                     ; 65.28 MHz ( period = 15.318 ns )                    ; q[0][0]    ; q[6][4]      ; clk        ; clk      ; None                        ; None                      ; 14.609 ns               ;
; N/A                                     ; 65.29 MHz ( period = 15.317 ns )                    ; q[7][4]    ; q[6][0]      ; clk        ; clk      ; None                        ; None                      ; 14.608 ns               ;
; N/A                                     ; 65.29 MHz ( period = 15.316 ns )                    ; q[7][4]    ; q[6][4]      ; clk        ; clk      ; None                        ; None                      ; 14.607 ns               ;
; N/A                                     ; 65.33 MHz ( period = 15.307 ns )                    ; q[4][1]    ; q[6][5]      ; clk        ; clk      ; None                        ; None                      ; 14.598 ns               ;
; N/A                                     ; 65.36 MHz ( period = 15.301 ns )                    ; q[4][1]    ; q[6][0]      ; clk        ; clk      ; None                        ; None                      ; 14.592 ns               ;
; N/A                                     ; 65.36 MHz ( period = 15.300 ns )                    ; q[4][1]    ; q[6][4]      ; clk        ; clk      ; None                        ; None                      ; 14.591 ns               ;
; N/A                                     ; 65.39 MHz ( period = 15.292 ns )                    ; q[3][5]    ; q[6][5]      ; clk        ; clk      ; None                        ; None                      ; 14.583 ns               ;
; N/A                                     ; 65.42 MHz ( period = 15.286 ns )                    ; q[3][5]    ; q[6][0]      ; clk        ; clk      ; None                        ; None                      ; 14.577 ns               ;
; N/A                                     ; 65.42 MHz ( period = 15.285 ns )                    ; q[3][5]    ; q[6][4]      ; clk        ; clk      ; None                        ; None                      ; 14.576 ns               ;
; N/A                                     ; 65.55 MHz ( period = 15.256 ns )                    ; q[2][3]    ; q[1][0]      ; clk        ; clk      ; None                        ; None                      ; 14.547 ns               ;
; N/A                                     ; 65.55 MHz ( period = 15.256 ns )                    ; q[6][3]    ; q[7][5]      ; clk        ; clk      ; None                        ; None                      ; 14.547 ns               ;
; N/A                                     ; 65.55 MHz ( period = 15.256 ns )                    ; q[2][3]    ; q[1][6]      ; clk        ; clk      ; None                        ; None                      ; 14.547 ns               ;
; N/A                                     ; 65.55 MHz ( period = 15.256 ns )                    ; q[2][3]    ; q[1][5]      ; clk        ; clk      ; None                        ; None                      ; 14.547 ns               ;
; N/A                                     ; 65.55 MHz ( period = 15.256 ns )                    ; q[2][3]    ; q[1][4]      ; clk        ; clk      ; None                        ; None                      ; 14.547 ns               ;
; N/A                                     ; 65.56 MHz ( period = 15.254 ns )                    ; q[6][3]    ; q[7][6]      ; clk        ; clk      ; None                        ; None                      ; 14.545 ns               ;
; N/A                                     ; 65.57 MHz ( period = 15.251 ns )                    ; q[6][2]    ; q[0][2]      ; clk        ; clk      ; None                        ; None                      ; 14.542 ns               ;
; N/A                                     ; 65.58 MHz ( period = 15.249 ns )                    ; q[1][1]    ; q[6][5]      ; clk        ; clk      ; None                        ; None                      ; 14.540 ns               ;
; N/A                                     ; 65.58 MHz ( period = 15.249 ns )                    ; q[6][6]    ; clkCNT[19]   ; clk        ; clk      ; None                        ; None                      ; 14.540 ns               ;
; N/A                                     ; 65.58 MHz ( period = 15.249 ns )                    ; q[6][6]    ; clkCNT[23]   ; clk        ; clk      ; None                        ; None                      ; 14.540 ns               ;
; N/A                                     ; 65.58 MHz ( period = 15.249 ns )                    ; q[6][6]    ; clkCNT[20]   ; clk        ; clk      ; None                        ; None                      ; 14.540 ns               ;
; N/A                                     ; 65.60 MHz ( period = 15.245 ns )                    ; q[1][4]    ; q[4][0]      ; clk        ; clk      ; None                        ; None                      ; 14.536 ns               ;
; N/A                                     ; 65.60 MHz ( period = 15.245 ns )                    ; q[1][4]    ; q[4][1]      ; clk        ; clk      ; None                        ; None                      ; 14.536 ns               ;
; N/A                                     ; 65.60 MHz ( period = 15.245 ns )                    ; q[1][4]    ; q[4][2]      ; clk        ; clk      ; None                        ; None                      ; 14.536 ns               ;
; N/A                                     ; 65.60 MHz ( period = 15.245 ns )                    ; q[1][4]    ; q[4][3]      ; clk        ; clk      ; None                        ; None                      ; 14.536 ns               ;
; N/A                                     ; 65.60 MHz ( period = 15.245 ns )                    ; q[1][4]    ; q[4][5]      ; clk        ; clk      ; None                        ; None                      ; 14.536 ns               ;
; N/A                                     ; 65.60 MHz ( period = 15.243 ns )                    ; q[1][1]    ; q[6][0]      ; clk        ; clk      ; None                        ; None                      ; 14.534 ns               ;
; N/A                                     ; 65.61 MHz ( period = 15.242 ns )                    ; q[1][1]    ; q[6][4]      ; clk        ; clk      ; None                        ; None                      ; 14.533 ns               ;
; N/A                                     ; 65.69 MHz ( period = 15.224 ns )                    ; q[1][5]    ; q[2][3]      ; clk        ; clk      ; None                        ; None                      ; 14.515 ns               ;
; N/A                                     ; 65.79 MHz ( period = 15.200 ns )                    ; q[6][6]    ; q[2][0]      ; clk        ; clk      ; None                        ; None                      ; 14.491 ns               ;
; N/A                                     ; 65.79 MHz ( period = 15.200 ns )                    ; q[6][6]    ; q[2][1]      ; clk        ; clk      ; None                        ; None                      ; 14.491 ns               ;
; N/A                                     ; 65.79 MHz ( period = 15.200 ns )                    ; q[6][6]    ; q[2][2]      ; clk        ; clk      ; None                        ; None                      ; 14.491 ns               ;
; N/A                                     ; 65.79 MHz ( period = 15.200 ns )                    ; q[6][6]    ; q[2][6]      ; clk        ; clk      ; None                        ; None                      ; 14.491 ns               ;
; N/A                                     ; 65.79 MHz ( period = 15.200 ns )                    ; q[6][6]    ; q[2][5]      ; clk        ; clk      ; None                        ; None                      ; 14.491 ns               ;
; N/A                                     ; 66.00 MHz ( period = 15.151 ns )                    ; q[3][2]    ; q[6][5]      ; clk        ; clk      ; None                        ; None                      ; 14.442 ns               ;
; N/A                                     ; 66.03 MHz ( period = 15.145 ns )                    ; q[3][2]    ; q[6][0]      ; clk        ; clk      ; None                        ; None                      ; 14.436 ns               ;
; N/A                                     ; 66.03 MHz ( period = 15.144 ns )                    ; q[3][2]    ; q[6][4]      ; clk        ; clk      ; None                        ; None                      ; 14.435 ns               ;
; N/A                                     ; 66.04 MHz ( period = 15.143 ns )                    ; q[7][5]    ; q[6][5]      ; clk        ; clk      ; None                        ; None                      ; 14.434 ns               ;
; N/A                                     ; 66.06 MHz ( period = 15.137 ns )                    ; q[7][5]    ; q[6][0]      ; clk        ; clk      ; None                        ; None                      ; 14.428 ns               ;
; N/A                                     ; 66.07 MHz ( period = 15.136 ns )                    ; q[7][5]    ; q[6][4]      ; clk        ; clk      ; None                        ; None                      ; 14.427 ns               ;
; N/A                                     ; 66.27 MHz ( period = 15.090 ns )                    ; q[1][1]    ; q[4][6]      ; clk        ; clk      ; None                        ; None                      ; 14.381 ns               ;
; N/A                                     ; 66.27 MHz ( period = 15.089 ns )                    ; q[6][2]    ; q[7][1]      ; clk        ; clk      ; None                        ; None                      ; 14.380 ns               ;
; N/A                                     ; 66.28 MHz ( period = 15.088 ns )                    ; q[6][2]    ; q[7][0]      ; clk        ; clk      ; None                        ; None                      ; 14.379 ns               ;
; N/A                                     ; 66.28 MHz ( period = 15.088 ns )                    ; q[6][2]    ; q[7][2]      ; clk        ; clk      ; None                        ; None                      ; 14.379 ns               ;
; N/A                                     ; 66.28 MHz ( period = 15.087 ns )                    ; q[6][3]    ; q[3][0]      ; clk        ; clk      ; None                        ; None                      ; 14.378 ns               ;
; N/A                                     ; 66.33 MHz ( period = 15.075 ns )                    ; q[6][2]    ; q[1][1]      ; clk        ; clk      ; None                        ; None                      ; 14.366 ns               ;
; N/A                                     ; 66.33 MHz ( period = 15.075 ns )                    ; q[6][2]    ; q[1][2]      ; clk        ; clk      ; None                        ; None                      ; 14.366 ns               ;
; N/A                                     ; 66.33 MHz ( period = 15.075 ns )                    ; q[6][2]    ; q[1][3]      ; clk        ; clk      ; None                        ; None                      ; 14.366 ns               ;
; N/A                                     ; 66.35 MHz ( period = 15.072 ns )                    ; q[1][5]    ; q[1][0]      ; clk        ; clk      ; None                        ; None                      ; 14.363 ns               ;
; N/A                                     ; 66.35 MHz ( period = 15.072 ns )                    ; q[1][5]    ; q[1][6]      ; clk        ; clk      ; None                        ; None                      ; 14.363 ns               ;
; N/A                                     ; 66.35 MHz ( period = 15.072 ns )                    ; q[1][5]    ; q[1][5]      ; clk        ; clk      ; None                        ; None                      ; 14.363 ns               ;
; N/A                                     ; 66.35 MHz ( period = 15.072 ns )                    ; q[1][5]    ; q[1][4]      ; clk        ; clk      ; None                        ; None                      ; 14.363 ns               ;
; N/A                                     ; 66.42 MHz ( period = 15.056 ns )                    ; OuOmode    ; q[6][5]      ; clk        ; clk      ; None                        ; None                      ; 14.347 ns               ;
; N/A                                     ; 66.45 MHz ( period = 15.050 ns )                    ; OuOmode    ; q[6][0]      ; clk        ; clk      ; None                        ; None                      ; 14.341 ns               ;
; N/A                                     ; 66.45 MHz ( period = 15.049 ns )                    ; OuOmode    ; q[6][4]      ; clk        ; clk      ; None                        ; None                      ; 14.340 ns               ;
; N/A                                     ; 66.48 MHz ( period = 15.042 ns )                    ; q[1][2]    ; q[3][0]      ; clk        ; clk      ; None                        ; None                      ; 14.333 ns               ;
; N/A                                     ; 66.48 MHz ( period = 15.041 ns )                    ; q[6][3]    ; q[5][1]      ; clk        ; clk      ; None                        ; None                      ; 14.332 ns               ;
; N/A                                     ; 66.51 MHz ( period = 15.035 ns )                    ; q[2][3]    ; q[6][5]      ; clk        ; clk      ; None                        ; None                      ; 14.326 ns               ;
; N/A                                     ; 66.54 MHz ( period = 15.029 ns )                    ; q[2][3]    ; q[6][0]      ; clk        ; clk      ; None                        ; None                      ; 14.320 ns               ;
; N/A                                     ; 66.54 MHz ( period = 15.028 ns )                    ; q[2][3]    ; q[6][4]      ; clk        ; clk      ; None                        ; None                      ; 14.319 ns               ;
; N/A                                     ; 66.56 MHz ( period = 15.025 ns )                    ; q[6][3]    ; q[5][2]      ; clk        ; clk      ; None                        ; None                      ; 14.316 ns               ;
; N/A                                     ; 66.56 MHz ( period = 15.023 ns )                    ; q[6][6]    ; q[7][1]      ; clk        ; clk      ; None                        ; None                      ; 14.314 ns               ;
; N/A                                     ; 66.57 MHz ( period = 15.022 ns )                    ; q[6][6]    ; q[7][0]      ; clk        ; clk      ; None                        ; None                      ; 14.313 ns               ;
; N/A                                     ; 66.57 MHz ( period = 15.022 ns )                    ; q[6][6]    ; q[7][2]      ; clk        ; clk      ; None                        ; None                      ; 14.313 ns               ;
; N/A                                     ; 66.64 MHz ( period = 15.006 ns )                    ; q[6][6]    ; q[0][2]      ; clk        ; clk      ; None                        ; None                      ; 14.297 ns               ;
; N/A                                     ; 66.68 MHz ( period = 14.998 ns )                    ; q[6][3]    ; q[1][0]      ; clk        ; clk      ; None                        ; None                      ; 14.289 ns               ;
; N/A                                     ; 66.68 MHz ( period = 14.998 ns )                    ; q[6][3]    ; q[1][6]      ; clk        ; clk      ; None                        ; None                      ; 14.289 ns               ;
; N/A                                     ; 66.68 MHz ( period = 14.998 ns )                    ; q[6][3]    ; q[1][5]      ; clk        ; clk      ; None                        ; None                      ; 14.289 ns               ;
; N/A                                     ; 66.68 MHz ( period = 14.998 ns )                    ; q[6][3]    ; q[1][4]      ; clk        ; clk      ; None                        ; None                      ; 14.289 ns               ;
; N/A                                     ; 66.70 MHz ( period = 14.993 ns )                    ; q[7][2]    ; q[6][0]      ; clk        ; clk      ; None                        ; None                      ; 14.284 ns               ;
; N/A                                     ; 66.73 MHz ( period = 14.986 ns )                    ; q[3][1]    ; q[6][5]      ; clk        ; clk      ; None                        ; None                      ; 14.277 ns               ;
; Timing analysis restricted to 200 rows. ; To change the limit use Settings (Assignments menu) ;            ;              ;            ;          ;                             ;                           ;                         ;
+-----------------------------------------+-----------------------------------------------------+------------+--------------+------------+----------+-----------------------------+---------------------------+-------------------------+


+----------------------------------------------------------------+
; tsu                                                            ;
+-------+--------------+------------+-------+---------+----------+
; Slack ; Required tsu ; Actual tsu ; From  ; To      ; To Clock ;
+-------+--------------+------------+-------+---------+----------+
; N/A   ; None         ; 1.887 ns   ; reset ; clk1    ; clk      ;
; N/A   ; None         ; -2.493 ns  ; reset ; OuOmode ; clk      ;
+-------+--------------+------------+-------+---------+----------+


+-------------------------------------------------------------------------------+
; tco                                                                           ;
+-------+--------------+------------+-----------------+------------+------------+
; Slack ; Required tco ; Actual tco ; From            ; To         ; From Clock ;
+-------+--------------+------------+-----------------+------------+------------+
; N/A   ; None         ; 20.861 ns  ; scanout[0]~reg0 ; segout[5]  ; clk        ;
; N/A   ; None         ; 20.618 ns  ; scanout[1]~reg0 ; segout[4]  ; clk        ;
; N/A   ; None         ; 19.951 ns  ; scanout[2]~reg0 ; segout[4]  ; clk        ;
; N/A   ; None         ; 19.870 ns  ; scanout[2]~reg0 ; segout[5]  ; clk        ;
; N/A   ; None         ; 19.804 ns  ; scanout[2]~reg0 ; segout[1]  ; clk        ;
; N/A   ; None         ; 19.774 ns  ; scanout[1]~reg0 ; segout[5]  ; clk        ;
; N/A   ; None         ; 19.403 ns  ; q[6][5]         ; segout[5]  ; clk        ;
; N/A   ; None         ; 19.368 ns  ; q[2][2]         ; segout[2]  ; clk        ;
; N/A   ; None         ; 19.086 ns  ; q[5][5]         ; segout[4]  ; clk        ;
; N/A   ; None         ; 18.751 ns  ; q[6][2]         ; segout[2]  ; clk        ;
; N/A   ; None         ; 18.705 ns  ; q[2][5]         ; segout[5]  ; clk        ;
; N/A   ; None         ; 18.629 ns  ; q[1][2]         ; segout[2]  ; clk        ;
; N/A   ; None         ; 18.524 ns  ; scanout[0]~reg0 ; segout[4]  ; clk        ;
; N/A   ; None         ; 18.390 ns  ; scanout[1]~reg0 ; segout[3]  ; clk        ;
; N/A   ; None         ; 18.370 ns  ; q[3][2]         ; segout[2]  ; clk        ;
; N/A   ; None         ; 18.369 ns  ; scanout[1]~reg0 ; segout[6]  ; clk        ;
; N/A   ; None         ; 18.361 ns  ; q[4][6]         ; segout[6]  ; clk        ;
; N/A   ; None         ; 18.352 ns  ; q[7][5]         ; segout[5]  ; clk        ;
; N/A   ; None         ; 18.300 ns  ; scanout[2]~reg0 ; segout[6]  ; clk        ;
; N/A   ; None         ; 18.197 ns  ; q[3][3]         ; segout[3]  ; clk        ;
; N/A   ; None         ; 18.146 ns  ; q[0][2]         ; segout[2]  ; clk        ;
; N/A   ; None         ; 18.138 ns  ; q[1][1]         ; segout[1]  ; clk        ;
; N/A   ; None         ; 18.132 ns  ; q[0][5]         ; segout[4]  ; clk        ;
; N/A   ; None         ; 18.080 ns  ; q[7][4]         ; segout[4]  ; clk        ;
; N/A   ; None         ; 18.040 ns  ; q[4][5]         ; segout[4]  ; clk        ;
; N/A   ; None         ; 18.036 ns  ; q[2][5]         ; segout[4]  ; clk        ;
; N/A   ; None         ; 17.996 ns  ; q[5][5]         ; segout[5]  ; clk        ;
; N/A   ; None         ; 17.955 ns  ; scanout[2]~reg0 ; scanout[2] ; clk        ;
; N/A   ; None         ; 17.939 ns  ; q[0][5]         ; segout[5]  ; clk        ;
; N/A   ; None         ; 17.904 ns  ; q[0][6]         ; segout[6]  ; clk        ;
; N/A   ; None         ; 17.840 ns  ; q[5][2]         ; segout[2]  ; clk        ;
; N/A   ; None         ; 17.831 ns  ; q[1][3]         ; segout[3]  ; clk        ;
; N/A   ; None         ; 17.831 ns  ; q[4][2]         ; segout[2]  ; clk        ;
; N/A   ; None         ; 17.780 ns  ; scanout[2]~reg0 ; segout[3]  ; clk        ;
; N/A   ; None         ; 17.730 ns  ; q[6][6]         ; segout[6]  ; clk        ;
; N/A   ; None         ; 17.698 ns  ; scanout[2]~reg0 ; segout[2]  ; clk        ;
; N/A   ; None         ; 17.677 ns  ; q[1][4]         ; segout[4]  ; clk        ;
; N/A   ; None         ; 17.483 ns  ; q[1][6]         ; segout[6]  ; clk        ;
; N/A   ; None         ; 17.415 ns  ; q[4][3]         ; segout[3]  ; clk        ;
; N/A   ; None         ; 17.391 ns  ; q[3][5]         ; segout[5]  ; clk        ;
; N/A   ; None         ; 17.375 ns  ; q[3][1]         ; segout[1]  ; clk        ;
; N/A   ; None         ; 17.374 ns  ; q[6][3]         ; segout[3]  ; clk        ;
; N/A   ; None         ; 17.272 ns  ; q[6][4]         ; segout[4]  ; clk        ;
; N/A   ; None         ; 17.255 ns  ; q[7][3]         ; segout[3]  ; clk        ;
; N/A   ; None         ; 17.252 ns  ; q[4][0]         ; segout[0]  ; clk        ;
; N/A   ; None         ; 17.247 ns  ; q[7][0]         ; segout[0]  ; clk        ;
; N/A   ; None         ; 17.145 ns  ; q[5][6]         ; segout[6]  ; clk        ;
; N/A   ; None         ; 17.138 ns  ; q[0][3]         ; segout[3]  ; clk        ;
; N/A   ; None         ; 17.125 ns  ; q[2][6]         ; segout[6]  ; clk        ;
; N/A   ; None         ; 17.083 ns  ; scanout[1]~reg0 ; segout[2]  ; clk        ;
; N/A   ; None         ; 16.967 ns  ; scanout[1]~reg0 ; segout[1]  ; clk        ;
; N/A   ; None         ; 16.950 ns  ; q[4][5]         ; segout[5]  ; clk        ;
; N/A   ; None         ; 16.930 ns  ; q[6][0]         ; segout[0]  ; clk        ;
; N/A   ; None         ; 16.921 ns  ; q[5][3]         ; segout[3]  ; clk        ;
; N/A   ; None         ; 16.906 ns  ; q[7][2]         ; segout[2]  ; clk        ;
; N/A   ; None         ; 16.882 ns  ; q[7][1]         ; segout[1]  ; clk        ;
; N/A   ; None         ; 16.780 ns  ; q[2][3]         ; segout[3]  ; clk        ;
; N/A   ; None         ; 16.751 ns  ; scanout[0]~reg0 ; segout[3]  ; clk        ;
; N/A   ; None         ; 16.745 ns  ; scanout[0]~reg0 ; segout[6]  ; clk        ;
; N/A   ; None         ; 16.722 ns  ; q[6][1]         ; segout[1]  ; clk        ;
; N/A   ; None         ; 16.707 ns  ; q[0][0]         ; segout[0]  ; clk        ;
; N/A   ; None         ; 16.618 ns  ; q[5][0]         ; segout[0]  ; clk        ;
; N/A   ; None         ; 16.566 ns  ; scanout[1]~reg0 ; segout[0]  ; clk        ;
; N/A   ; None         ; 16.492 ns  ; q[3][6]         ; segout[6]  ; clk        ;
; N/A   ; None         ; 16.467 ns  ; q[4][1]         ; segout[1]  ; clk        ;
; N/A   ; None         ; 16.437 ns  ; q[1][0]         ; segout[0]  ; clk        ;
; N/A   ; None         ; 16.405 ns  ; q[1][5]         ; segout[5]  ; clk        ;
; N/A   ; None         ; 16.336 ns  ; q[5][1]         ; segout[1]  ; clk        ;
; N/A   ; None         ; 16.125 ns  ; q[7][6]         ; segout[6]  ; clk        ;
; N/A   ; None         ; 16.099 ns  ; q[0][1]         ; segout[1]  ; clk        ;
; N/A   ; None         ; 16.084 ns  ; q[2][1]         ; segout[1]  ; clk        ;
; N/A   ; None         ; 15.797 ns  ; scanout[0]~reg0 ; segout[0]  ; clk        ;
; N/A   ; None         ; 15.793 ns  ; scanout[0]~reg0 ; segout[1]  ; clk        ;
; N/A   ; None         ; 15.672 ns  ; q[2][0]         ; segout[0]  ; clk        ;
; N/A   ; None         ; 15.594 ns  ; scanout[2]~reg0 ; segout[0]  ; clk        ;
; N/A   ; None         ; 15.565 ns  ; q[3][0]         ; segout[0]  ; clk        ;
; N/A   ; None         ; 15.172 ns  ; scanout[0]~reg0 ; segout[2]  ; clk        ;
; N/A   ; None         ; 12.935 ns  ; scanout[1]~reg0 ; scanout[1] ; clk        ;
; N/A   ; None         ; 11.808 ns  ; scanout[0]~reg0 ; scanout[0] ; clk        ;
+-------+--------------+------------+-----------------+------------+------------+


+----------------------------------------------------------------------+
; th                                                                   ;
+---------------+-------------+-----------+-------+---------+----------+
; Minimum Slack ; Required th ; Actual th ; From  ; To      ; To Clock ;
+---------------+-------------+-----------+-------+---------+----------+
; N/A           ; None        ; 3.047 ns  ; reset ; OuOmode ; clk      ;
; N/A           ; None        ; -1.333 ns ; reset ; clk1    ; clk      ;
+---------------+-------------+-----------+-------+---------+----------+


+--------------------------+
; Timing Analyzer Messages ;
+--------------------------+
Info: *******************************************************************
Info: Running Quartus II Classic Timing Analyzer
    Info: Version 8.1 Build 163 10/28/2008 SJ Web Edition
    Info: Processing started: Thu Oct 28 10:50:09 2021
Info: Command: quartus_tan --read_settings_files=off --write_settings_files=off sevenLedPattern -c sevenLedPattern
Info: Started post-fitting delay annotation
Info: Delay annotation completed successfully
Warning: Found pins functioning as undefined clocks and/or memory enables
    Info: Assuming node "clk" is an undefined clock
Warning: Found 2 node(s) in clock paths which may be acting as ripple and/or gated clocks -- node(s) analyzed as buffer(s) resulting in clock skew
    Info: Detected ripple clock "cnt_scan[15]" as buffer
    Info: Detected ripple clock "clk1" as buffer
Info: Clock "clk" has Internal fmax of 60.96 MHz between source register "q[1][5]" and destination register "q[2][0]" (period= 16.404 ns)
    Info: + Longest register to register delay is 15.695 ns
        Info: 1: + IC(0.000 ns) + CELL(0.000 ns) = 0.000 ns; Loc. = LC_X4_Y4_N5; Fanout = 3; REG Node = 'q[1][5]'
        Info: 2: + IC(2.144 ns) + CELL(0.511 ns) = 2.655 ns; Loc. = LC_X5_Y5_N0; Fanout = 2; COMB Node = 'Equal34~56'
        Info: 3: + IC(2.363 ns) + CELL(0.200 ns) = 5.218 ns; Loc. = LC_X9_Y4_N6; Fanout = 6; COMB Node = 'Equal34~57'
        Info: 4: + IC(3.083 ns) + CELL(0.200 ns) = 8.501 ns; Loc. = LC_X4_Y5_N8; Fanout = 4; COMB Node = 'q[2][2]~18931'
        Info: 5: + IC(1.908 ns) + CELL(0.914 ns) = 11.323 ns; Loc. = LC_X6_Y5_N4; Fanout = 1; COMB Node = 'q[2][2]~18814'
        Info: 6: + IC(0.766 ns) + CELL(0.511 ns) = 12.600 ns; Loc. = LC_X6_Y5_N2; Fanout = 6; COMB Node = 'q[2][2]~18815'
        Info: 7: + IC(1.852 ns) + CELL(1.243 ns) = 15.695 ns; Loc. = LC_X5_Y6_N1; Fanout = 3; REG Node = 'q[2][0]'
        Info: Total cell delay = 3.579 ns ( 22.80 % )
        Info: Total interconnect delay = 12.116 ns ( 77.20 % )
    Info: - Smallest clock skew is 0.000 ns
        Info: + Shortest clock path from clock "clk" to destination register is 8.387 ns
            Info: 1: + IC(0.000 ns) + CELL(1.163 ns) = 1.163 ns; Loc. = PIN_18; Fanout = 27; CLK Node = 'clk'
            Info: 2: + IC(1.600 ns) + CELL(1.294 ns) = 4.057 ns; Loc. = LC_X12_Y3_N8; Fanout = 65; REG Node = 'clk1'
            Info: 3: + IC(3.412 ns) + CELL(0.918 ns) = 8.387 ns; Loc. = LC_X5_Y6_N1; Fanout = 3; REG Node = 'q[2][0]'
            Info: Total cell delay = 3.375 ns ( 40.24 % )
            Info: Total interconnect delay = 5.012 ns ( 59.76 % )
        Info: - Longest clock path from clock "clk" to source register is 8.387 ns
            Info: 1: + IC(0.000 ns) + CELL(1.163 ns) = 1.163 ns; Loc. = PIN_18; Fanout = 27; CLK Node = 'clk'
            Info: 2: + IC(1.600 ns) + CELL(1.294 ns) = 4.057 ns; Loc. = LC_X12_Y3_N8; Fanout = 65; REG Node = 'clk1'
            Info: 3: + IC(3.412 ns) + CELL(0.918 ns) = 8.387 ns; Loc. = LC_X4_Y4_N5; Fanout = 3; REG Node = 'q[1][5]'
            Info: Total cell delay = 3.375 ns ( 40.24 % )
            Info: Total interconnect delay = 5.012 ns ( 59.76 % )
    Info: + Micro clock to output delay of source is 0.376 ns
    Info: + Micro setup delay of destination is 0.333 ns
Info: tsu for register "clk1" (data pin = "reset", clock pin = "clk") is 1.887 ns
    Info: + Longest pin to register delay is 5.235 ns
        Info: 1: + IC(0.000 ns) + CELL(1.163 ns) = 1.163 ns; Loc. = PIN_89; Fanout = 91; PIN Node = 'reset'
        Info: 2: + IC(3.011 ns) + CELL(1.061 ns) = 5.235 ns; Loc. = LC_X12_Y3_N8; Fanout = 65; REG Node = 'clk1'
        Info: Total cell delay = 2.224 ns ( 42.48 % )
        Info: Total interconnect delay = 3.011 ns ( 57.52 % )
    Info: + Micro setup delay of destination is 0.333 ns
    Info: - Shortest clock path from clock "clk" to destination register is 3.681 ns
        Info: 1: + IC(0.000 ns) + CELL(1.163 ns) = 1.163 ns; Loc. = PIN_18; Fanout = 27; CLK Node = 'clk'
        Info: 2: + IC(1.600 ns) + CELL(0.918 ns) = 3.681 ns; Loc. = LC_X12_Y3_N8; Fanout = 65; REG Node = 'clk1'
        Info: Total cell delay = 2.081 ns ( 56.53 % )
        Info: Total interconnect delay = 1.600 ns ( 43.47 % )
Info: tco from clock "clk" to destination pin "segout[5]" through register "scanout[0]~reg0" is 20.861 ns
    Info: + Longest clock path from clock "clk" to source register is 8.336 ns
        Info: 1: + IC(0.000 ns) + CELL(1.163 ns) = 1.163 ns; Loc. = PIN_18; Fanout = 27; CLK Node = 'clk'
        Info: 2: + IC(1.600 ns) + CELL(1.294 ns) = 4.057 ns; Loc. = LC_X11_Y3_N7; Fanout = 7; REG Node = 'cnt_scan[15]'
        Info: 3: + IC(3.361 ns) + CELL(0.918 ns) = 8.336 ns; Loc. = LC_X8_Y7_N1; Fanout = 15; REG Node = 'scanout[0]~reg0'
        Info: Total cell delay = 3.375 ns ( 40.49 % )
        Info: Total interconnect delay = 4.961 ns ( 59.51 % )
    Info: + Micro clock to output delay of source is 0.376 ns
    Info: + Longest register to pin delay is 12.149 ns
        Info: 1: + IC(0.000 ns) + CELL(0.000 ns) = 0.000 ns; Loc. = LC_X8_Y7_N1; Fanout = 15; REG Node = 'scanout[0]~reg0'
        Info: 2: + IC(4.429 ns) + CELL(0.740 ns) = 5.169 ns; Loc. = LC_X7_Y7_N4; Fanout = 1; COMB Node = 'Mux1~27'
        Info: 3: + IC(0.741 ns) + CELL(0.914 ns) = 6.824 ns; Loc. = LC_X7_Y7_N7; Fanout = 1; COMB Node = 'Mux1~28'
        Info: 4: + IC(0.793 ns) + CELL(0.511 ns) = 8.128 ns; Loc. = LC_X7_Y7_N8; Fanout = 1; COMB Node = 'Mux1~29'
        Info: 5: + IC(1.699 ns) + CELL(2.322 ns) = 12.149 ns; Loc. = PIN_127; Fanout = 0; PIN Node = 'segout[5]'
        Info: Total cell delay = 4.487 ns ( 36.93 % )
        Info: Total interconnect delay = 7.662 ns ( 63.07 % )
Info: th for register "OuOmode" (data pin = "reset", clock pin = "clk") is 3.047 ns
    Info: + Longest clock path from clock "clk" to destination register is 8.387 ns
        Info: 1: + IC(0.000 ns) + CELL(1.163 ns) = 1.163 ns; Loc. = PIN_18; Fanout = 27; CLK Node = 'clk'
        Info: 2: + IC(1.600 ns) + CELL(1.294 ns) = 4.057 ns; Loc. = LC_X12_Y3_N8; Fanout = 65; REG Node = 'clk1'
        Info: 3: + IC(3.412 ns) + CELL(0.918 ns) = 8.387 ns; Loc. = LC_X11_Y6_N9; Fanout = 3; REG Node = 'OuOmode'
        Info: Total cell delay = 3.375 ns ( 40.24 % )
        Info: Total interconnect delay = 5.012 ns ( 59.76 % )
    Info: + Micro hold delay of destination is 0.221 ns
    Info: - Shortest pin to register delay is 5.561 ns
        Info: 1: + IC(0.000 ns) + CELL(1.163 ns) = 1.163 ns; Loc. = PIN_89; Fanout = 91; PIN Node = 'reset'
        Info: 2: + IC(2.257 ns) + CELL(0.740 ns) = 4.160 ns; Loc. = LC_X11_Y6_N7; Fanout = 1; COMB Node = 'OuOmode~233'
        Info: 3: + IC(0.305 ns) + CELL(0.200 ns) = 4.665 ns; Loc. = LC_X11_Y6_N8; Fanout = 1; COMB Node = 'OuOmode~234'
        Info: 4: + IC(0.305 ns) + CELL(0.591 ns) = 5.561 ns; Loc. = LC_X11_Y6_N9; Fanout = 3; REG Node = 'OuOmode'
        Info: Total cell delay = 2.694 ns ( 48.44 % )
        Info: Total interconnect delay = 2.867 ns ( 51.56 % )
Info: Quartus II Classic Timing Analyzer was successful. 0 errors, 2 warnings
    Info: Peak virtual memory: 210 megabytes
    Info: Processing ended: Thu Oct 28 10:50:09 2021
    Info: Elapsed time: 00:00:00
    Info: Total CPU time (on all processors): 00:00:00


