Classic Timing Analyzer report for game
Thu Dec 02 13:39:03 2021
Quartus II Version 8.1 Build 163 10/28/2008 SJ Web Edition


---------------------
; Table of Contents ;
---------------------
  1. Legal Notice
  2. Timing Analyzer Summary
  3. Timing Analyzer Settings
  4. Clock Settings Summary
  5. Clock Setup: 'clk'
  6. tco
  7. Timing Analyzer Messages



----------------
; Legal Notice ;
----------------
Copyright (C) 1991-2008 Altera Corporation
Your use of Altera Corporation's design tools, logic functions 
and other software and tools, and its AMPP partner logic 
functions, and any output files from any of the foregoing 
(including device programming or simulation files), and any 
associated documentation or information are expressly subject 
to the terms and conditions of the Altera Program License 
Subscription Agreement, Altera MegaCore Function License 
Agreement, or other applicable license agreement, including, 
without limitation, that your use is for the sole purpose of 
programming logic devices manufactured by Altera and sold by 
Altera or its authorized distributors.  Please refer to the 
applicable agreement for further details.



+-----------------------------------------------------------------------------------------------------------------------------------------------------------+
; Timing Analyzer Summary                                                                                                                                   ;
+------------------------------+-------+---------------+----------------------------------+--------------+-----------+------------+----------+--------------+
; Type                         ; Slack ; Required Time ; Actual Time                      ; From         ; To        ; From Clock ; To Clock ; Failed Paths ;
+------------------------------+-------+---------------+----------------------------------+--------------+-----------+------------+----------+--------------+
; Worst-case tco               ; N/A   ; None          ; 17.260 ns                        ; cnt_scan[15] ; segout[0] ; clk        ; --       ; 0            ;
; Clock Setup: 'clk'           ; N/A   ; None          ; 64.65 MHz ( period = 15.468 ns ) ; Mode.010     ; mode.1000 ; clk        ; clk      ; 0            ;
; Total number of failed paths ;       ;               ;                                  ;              ;           ;            ;          ; 0            ;
+------------------------------+-------+---------------+----------------------------------+--------------+-----------+------------+----------+--------------+


+--------------------------------------------------------------------------------------------------------------------+
; Timing Analyzer Settings                                                                                           ;
+---------------------------------------------------------------------+--------------------+------+----+-------------+
; Option                                                              ; Setting            ; From ; To ; Entity Name ;
+---------------------------------------------------------------------+--------------------+------+----+-------------+
; Device Name                                                         ; EPM570T144C5       ;      ;    ;             ;
; Timing Models                                                       ; Final              ;      ;    ;             ;
; Default hold multicycle                                             ; Same as Multicycle ;      ;    ;             ;
; Cut paths between unrelated clock domains                           ; On                 ;      ;    ;             ;
; Cut off read during write signal paths                              ; On                 ;      ;    ;             ;
; Cut off feedback from I/O pins                                      ; On                 ;      ;    ;             ;
; Report Combined Fast/Slow Timing                                    ; Off                ;      ;    ;             ;
; Ignore Clock Settings                                               ; Off                ;      ;    ;             ;
; Analyze latches as synchronous elements                             ; On                 ;      ;    ;             ;
; Enable Recovery/Removal analysis                                    ; Off                ;      ;    ;             ;
; Enable Clock Latency                                                ; Off                ;      ;    ;             ;
; Use TimeQuest Timing Analyzer                                       ; Off                ;      ;    ;             ;
; Minimum Core Junction Temperature                                   ; 0                  ;      ;    ;             ;
; Maximum Core Junction Temperature                                   ; 85                 ;      ;    ;             ;
; Number of source nodes to report per destination node               ; 10                 ;      ;    ;             ;
; Number of destination nodes to report                               ; 10                 ;      ;    ;             ;
; Number of paths to report                                           ; 200                ;      ;    ;             ;
; Report Minimum Timing Checks                                        ; Off                ;      ;    ;             ;
; Use Fast Timing Models                                              ; Off                ;      ;    ;             ;
; Report IO Paths Separately                                          ; Off                ;      ;    ;             ;
; Perform Multicorner Analysis                                        ; Off                ;      ;    ;             ;
; Reports the worst-case path for each clock domain and analysis      ; Off                ;      ;    ;             ;
; Removes common clock path pessimism (CCPP) during slack computation ; Off                ;      ;    ;             ;
; Output I/O Timing Endpoint                                          ; Near End           ;      ;    ;             ;
+---------------------------------------------------------------------+--------------------+------+----+-------------+


+------------------------------------------------------------------------------------------------------------------------------------------------------------------------------------+
; Clock Settings Summary                                                                                                                                                             ;
+-----------------+--------------------+----------+------------------+---------------+--------------+----------+-----------------------+---------------------+--------+--------------+
; Clock Node Name ; Clock Setting Name ; Type     ; Fmax Requirement ; Early Latency ; Late Latency ; Based on ; Multiply Base Fmax by ; Divide Base Fmax by ; Offset ; Phase offset ;
+-----------------+--------------------+----------+------------------+---------------+--------------+----------+-----------------------+---------------------+--------+--------------+
; clk             ;                    ; User Pin ; None             ; 0.000 ns      ; 0.000 ns     ; --       ; N/A                   ; N/A                 ; N/A    ;              ;
+-----------------+--------------------+----------+------------------+---------------+--------------+----------+-----------------------+---------------------+--------+--------------+


+-----------------------------------------------------------------------------------------------------------------------------------------------------------------------------------------------------------------------------------+
; Clock Setup: 'clk'                                                                                                                                                                                                                ;
+-----------------------------------------+-----------------------------------------------------+-----------+-----------+------------+----------+-----------------------------+---------------------------+-------------------------+
; Slack                                   ; Actual fmax (period)                                ; From      ; To        ; From Clock ; To Clock ; Required Setup Relationship ; Required Longest P2P Time ; Actual Longest P2P Time ;
+-----------------------------------------+-----------------------------------------------------+-----------+-----------+------------+----------+-----------------------------+---------------------------+-------------------------+
; N/A                                     ; 64.65 MHz ( period = 15.468 ns )                    ; Mode.010  ; mode.1000 ; clk        ; clk      ; None                        ; None                      ; 14.759 ns               ;
; N/A                                     ; 65.39 MHz ( period = 15.292 ns )                    ; Mode.010  ; mode.0111 ; clk        ; clk      ; None                        ; None                      ; 14.583 ns               ;
; N/A                                     ; 65.43 MHz ( period = 15.283 ns )                    ; Mode.010  ; mode.0101 ; clk        ; clk      ; None                        ; None                      ; 14.574 ns               ;
; N/A                                     ; 65.51 MHz ( period = 15.264 ns )                    ; Mode.010  ; mode.0010 ; clk        ; clk      ; None                        ; None                      ; 14.555 ns               ;
; N/A                                     ; 66.22 MHz ( period = 15.102 ns )                    ; Mode.010  ; q[3][4]   ; clk        ; clk      ; None                        ; None                      ; 14.393 ns               ;
; N/A                                     ; 66.81 MHz ( period = 14.967 ns )                    ; Mode.010  ; mode.0110 ; clk        ; clk      ; None                        ; None                      ; 14.258 ns               ;
; N/A                                     ; 67.44 MHz ( period = 14.828 ns )                    ; Mode.010  ; mode.0100 ; clk        ; clk      ; None                        ; None                      ; 14.119 ns               ;
; N/A                                     ; 67.58 MHz ( period = 14.798 ns )                    ; Mode.010  ; mode.0011 ; clk        ; clk      ; None                        ; None                      ; 14.089 ns               ;
; N/A                                     ; 68.16 MHz ( period = 14.671 ns )                    ; Mode.010  ; q[3][5]   ; clk        ; clk      ; None                        ; None                      ; 13.962 ns               ;
; N/A                                     ; 68.16 MHz ( period = 14.671 ns )                    ; Mode.010  ; q[2][5]   ; clk        ; clk      ; None                        ; None                      ; 13.962 ns               ;
; N/A                                     ; 68.16 MHz ( period = 14.671 ns )                    ; Mode.010  ; q[1][7]   ; clk        ; clk      ; None                        ; None                      ; 13.962 ns               ;
; N/A                                     ; 68.19 MHz ( period = 14.665 ns )                    ; Mode.100  ; q[6][1]   ; clk        ; clk      ; None                        ; None                      ; 13.956 ns               ;
; N/A                                     ; 68.20 MHz ( period = 14.662 ns )                    ; Mode.100  ; q[6][2]   ; clk        ; clk      ; None                        ; None                      ; 13.953 ns               ;
; N/A                                     ; 68.27 MHz ( period = 14.648 ns )                    ; Mode.010  ; Mode.001  ; clk        ; clk      ; None                        ; None                      ; 13.939 ns               ;
; N/A                                     ; 68.73 MHz ( period = 14.550 ns )                    ; Mode.111  ; mode.0110 ; clk        ; clk      ; None                        ; None                      ; 13.841 ns               ;
; N/A                                     ; 68.92 MHz ( period = 14.509 ns )                    ; mode.1010 ; q[0][1]   ; clk        ; clk      ; None                        ; None                      ; 13.800 ns               ;
; N/A                                     ; 68.92 MHz ( period = 14.509 ns )                    ; Mode.111  ; mode.1000 ; clk        ; clk      ; None                        ; None                      ; 13.800 ns               ;
; N/A                                     ; 69.02 MHz ( period = 14.489 ns )                    ; Mode.100  ; q[3][4]   ; clk        ; clk      ; None                        ; None                      ; 13.780 ns               ;
; N/A                                     ; 69.04 MHz ( period = 14.485 ns )                    ; Mode.101  ; mode.1000 ; clk        ; clk      ; None                        ; None                      ; 13.776 ns               ;
; N/A                                     ; 69.18 MHz ( period = 14.456 ns )                    ; mode.1000 ; mode.0110 ; clk        ; clk      ; None                        ; None                      ; 13.747 ns               ;
; N/A                                     ; 69.51 MHz ( period = 14.387 ns )                    ; mode.1010 ; q[4][0]   ; clk        ; clk      ; None                        ; None                      ; 13.678 ns               ;
; N/A                                     ; 69.63 MHz ( period = 14.361 ns )                    ; Mode.110  ; mode.0110 ; clk        ; clk      ; None                        ; None                      ; 13.652 ns               ;
; N/A                                     ; 69.77 MHz ( period = 14.333 ns )                    ; Mode.111  ; mode.0111 ; clk        ; clk      ; None                        ; None                      ; 13.624 ns               ;
; N/A                                     ; 69.81 MHz ( period = 14.324 ns )                    ; Mode.111  ; mode.0101 ; clk        ; clk      ; None                        ; None                      ; 13.615 ns               ;
; N/A                                     ; 69.89 MHz ( period = 14.309 ns )                    ; Mode.101  ; mode.0111 ; clk        ; clk      ; None                        ; None                      ; 13.600 ns               ;
; N/A                                     ; 69.91 MHz ( period = 14.305 ns )                    ; Mode.111  ; mode.0010 ; clk        ; clk      ; None                        ; None                      ; 13.596 ns               ;
; N/A                                     ; 69.93 MHz ( period = 14.300 ns )                    ; Mode.101  ; mode.0101 ; clk        ; clk      ; None                        ; None                      ; 13.591 ns               ;
; N/A                                     ; 70.02 MHz ( period = 14.281 ns )                    ; Mode.101  ; mode.0010 ; clk        ; clk      ; None                        ; None                      ; 13.572 ns               ;
; N/A                                     ; 70.04 MHz ( period = 14.278 ns )                    ; mode.1010 ; q[4][1]   ; clk        ; clk      ; None                        ; None                      ; 13.569 ns               ;
; N/A                                     ; 70.10 MHz ( period = 14.266 ns )                    ; Mode.011  ; q[3][4]   ; clk        ; clk      ; None                        ; None                      ; 13.557 ns               ;
; N/A                                     ; 70.64 MHz ( period = 14.156 ns )                    ; mode.1001 ; mode.1000 ; clk        ; clk      ; None                        ; None                      ; 13.447 ns               ;
; N/A                                     ; 70.71 MHz ( period = 14.143 ns )                    ; Mode.111  ; q[3][4]   ; clk        ; clk      ; None                        ; None                      ; 13.434 ns               ;
; N/A                                     ; 70.74 MHz ( period = 14.137 ns )                    ; Mode.010  ; mode.0001 ; clk        ; clk      ; None                        ; None                      ; 13.428 ns               ;
; N/A                                     ; 70.83 MHz ( period = 14.119 ns )                    ; Mode.101  ; q[3][4]   ; clk        ; clk      ; None                        ; None                      ; 13.410 ns               ;
; N/A                                     ; 71.13 MHz ( period = 14.058 ns )                    ; Mode.100  ; Mode.011  ; clk        ; clk      ; None                        ; None                      ; 13.349 ns               ;
; N/A                                     ; 71.13 MHz ( period = 14.058 ns )                    ; Mode.100  ; q[3][5]   ; clk        ; clk      ; None                        ; None                      ; 13.349 ns               ;
; N/A                                     ; 71.13 MHz ( period = 14.058 ns )                    ; Mode.100  ; q[2][5]   ; clk        ; clk      ; None                        ; None                      ; 13.349 ns               ;
; N/A                                     ; 71.13 MHz ( period = 14.058 ns )                    ; Mode.100  ; q[1][7]   ; clk        ; clk      ; None                        ; None                      ; 13.349 ns               ;
; N/A                                     ; 71.17 MHz ( period = 14.050 ns )                    ; Mode.010  ; Mode.100  ; clk        ; clk      ; None                        ; None                      ; 13.341 ns               ;
; N/A                                     ; 71.38 MHz ( period = 14.010 ns )                    ; Mode.010  ; q[1][2]   ; clk        ; clk      ; None                        ; None                      ; 13.301 ns               ;
; N/A                                     ; 71.51 MHz ( period = 13.984 ns )                    ; Mode.101  ; mode.0110 ; clk        ; clk      ; None                        ; None                      ; 13.275 ns               ;
; N/A                                     ; 71.53 MHz ( period = 13.980 ns )                    ; mode.1001 ; mode.0111 ; clk        ; clk      ; None                        ; None                      ; 13.271 ns               ;
; N/A                                     ; 71.58 MHz ( period = 13.971 ns )                    ; mode.1001 ; mode.0101 ; clk        ; clk      ; None                        ; None                      ; 13.262 ns               ;
; N/A                                     ; 71.59 MHz ( period = 13.969 ns )                    ; mode.1011 ; q[1][2]   ; clk        ; clk      ; None                        ; None                      ; 13.260 ns               ;
; N/A                                     ; 71.62 MHz ( period = 13.962 ns )                    ; mode.0010 ; q[3][4]   ; clk        ; clk      ; None                        ; None                      ; 13.253 ns               ;
; N/A                                     ; 71.67 MHz ( period = 13.952 ns )                    ; mode.1001 ; mode.0010 ; clk        ; clk      ; None                        ; None                      ; 13.243 ns               ;
; N/A                                     ; 71.96 MHz ( period = 13.897 ns )                    ; mode.1000 ; mode.0101 ; clk        ; clk      ; None                        ; None                      ; 13.188 ns               ;
; N/A                                     ; 72.00 MHz ( period = 13.889 ns )                    ; mode.1000 ; mode.0111 ; clk        ; clk      ; None                        ; None                      ; 13.180 ns               ;
; N/A                                     ; 72.06 MHz ( period = 13.878 ns )                    ; mode.1000 ; mode.0010 ; clk        ; clk      ; None                        ; None                      ; 13.169 ns               ;
; N/A                                     ; 72.10 MHz ( period = 13.869 ns )                    ; Mode.111  ; mode.0100 ; clk        ; clk      ; None                        ; None                      ; 13.160 ns               ;
; N/A                                     ; 72.23 MHz ( period = 13.845 ns )                    ; Mode.101  ; mode.0100 ; clk        ; clk      ; None                        ; None                      ; 13.136 ns               ;
; N/A                                     ; 72.26 MHz ( period = 13.839 ns )                    ; Mode.111  ; mode.0011 ; clk        ; clk      ; None                        ; None                      ; 13.130 ns               ;
; N/A                                     ; 72.28 MHz ( period = 13.835 ns )                    ; Mode.011  ; Mode.011  ; clk        ; clk      ; None                        ; None                      ; 13.126 ns               ;
; N/A                                     ; 72.28 MHz ( period = 13.835 ns )                    ; Mode.011  ; q[3][5]   ; clk        ; clk      ; None                        ; None                      ; 13.126 ns               ;
; N/A                                     ; 72.28 MHz ( period = 13.835 ns )                    ; Mode.011  ; q[2][5]   ; clk        ; clk      ; None                        ; None                      ; 13.126 ns               ;
; N/A                                     ; 72.28 MHz ( period = 13.835 ns )                    ; Mode.011  ; q[1][7]   ; clk        ; clk      ; None                        ; None                      ; 13.126 ns               ;
; N/A                                     ; 72.35 MHz ( period = 13.821 ns )                    ; mode.0000 ; mode.0110 ; clk        ; clk      ; None                        ; None                      ; 13.112 ns               ;
; N/A                                     ; 72.39 MHz ( period = 13.815 ns )                    ; Mode.101  ; mode.0011 ; clk        ; clk      ; None                        ; None                      ; 13.106 ns               ;
; N/A                                     ; 72.44 MHz ( period = 13.805 ns )                    ; Mode.111  ; Mode.001  ; clk        ; clk      ; None                        ; None                      ; 13.096 ns               ;
; N/A                                     ; 72.45 MHz ( period = 13.802 ns )                    ; Mode.110  ; mode.0101 ; clk        ; clk      ; None                        ; None                      ; 13.093 ns               ;
; N/A                                     ; 72.50 MHz ( period = 13.794 ns )                    ; Mode.110  ; mode.0111 ; clk        ; clk      ; None                        ; None                      ; 13.085 ns               ;
; N/A                                     ; 72.52 MHz ( period = 13.790 ns )                    ; mode.1001 ; q[3][4]   ; clk        ; clk      ; None                        ; None                      ; 13.081 ns               ;
; N/A                                     ; 72.55 MHz ( period = 13.783 ns )                    ; Mode.110  ; mode.0010 ; clk        ; clk      ; None                        ; None                      ; 13.074 ns               ;
; N/A                                     ; 72.68 MHz ( period = 13.758 ns )                    ; Mode.010  ; q[1][1]   ; clk        ; clk      ; None                        ; None                      ; 13.049 ns               ;
; N/A                                     ; 72.84 MHz ( period = 13.729 ns )                    ; Mode.001  ; Mode.011  ; clk        ; clk      ; None                        ; None                      ; 13.020 ns               ;
; N/A                                     ; 72.91 MHz ( period = 13.715 ns )                    ; mode.1010 ; q[5][2]   ; clk        ; clk      ; None                        ; None                      ; 13.006 ns               ;
; N/A                                     ; 72.93 MHz ( period = 13.712 ns )                    ; Mode.111  ; q[3][5]   ; clk        ; clk      ; None                        ; None                      ; 13.003 ns               ;
; N/A                                     ; 72.93 MHz ( period = 13.712 ns )                    ; Mode.111  ; q[2][5]   ; clk        ; clk      ; None                        ; None                      ; 13.003 ns               ;
; N/A                                     ; 72.93 MHz ( period = 13.712 ns )                    ; Mode.111  ; q[1][7]   ; clk        ; clk      ; None                        ; None                      ; 13.003 ns               ;
; N/A                                     ; 72.93 MHz ( period = 13.711 ns )                    ; Mode.101  ; q[7][2]   ; clk        ; clk      ; None                        ; None                      ; 13.002 ns               ;
; N/A                                     ; 72.97 MHz ( period = 13.704 ns )                    ; Mode.100  ; q[3][0]   ; clk        ; clk      ; None                        ; None                      ; 12.995 ns               ;
; N/A                                     ; 73.00 MHz ( period = 13.698 ns )                    ; mode.0001 ; mode.0110 ; clk        ; clk      ; None                        ; None                      ; 12.989 ns               ;
; N/A                                     ; 73.05 MHz ( period = 13.689 ns )                    ; Mode.100  ; q[3][1]   ; clk        ; clk      ; None                        ; None                      ; 12.980 ns               ;
; N/A                                     ; 73.06 MHz ( period = 13.688 ns )                    ; Mode.101  ; q[3][5]   ; clk        ; clk      ; None                        ; None                      ; 12.979 ns               ;
; N/A                                     ; 73.06 MHz ( period = 13.688 ns )                    ; Mode.101  ; q[2][5]   ; clk        ; clk      ; None                        ; None                      ; 12.979 ns               ;
; N/A                                     ; 73.06 MHz ( period = 13.688 ns )                    ; Mode.101  ; q[1][7]   ; clk        ; clk      ; None                        ; None                      ; 12.979 ns               ;
; N/A                                     ; 73.18 MHz ( period = 13.665 ns )                    ; Mode.101  ; Mode.001  ; clk        ; clk      ; None                        ; None                      ; 12.956 ns               ;
; N/A                                     ; 73.20 MHz ( period = 13.661 ns )                    ; Mode.010  ; q[7][2]   ; clk        ; clk      ; None                        ; None                      ; 12.952 ns               ;
; N/A                                     ; 73.23 MHz ( period = 13.655 ns )                    ; mode.1001 ; mode.0110 ; clk        ; clk      ; None                        ; None                      ; 12.946 ns               ;
; N/A                                     ; 73.24 MHz ( period = 13.654 ns )                    ; mode.0100 ; mode.0110 ; clk        ; clk      ; None                        ; None                      ; 12.945 ns               ;
; N/A                                     ; 73.25 MHz ( period = 13.652 ns )                    ; mode.0010 ; mode.0010 ; clk        ; clk      ; None                        ; None                      ; 12.943 ns               ;
; N/A                                     ; 73.40 MHz ( period = 13.624 ns )                    ; Mode.111  ; Mode.011  ; clk        ; clk      ; None                        ; None                      ; 12.915 ns               ;
; N/A                                     ; 73.52 MHz ( period = 13.601 ns )                    ; Mode.111  ; q[6][1]   ; clk        ; clk      ; None                        ; None                      ; 12.892 ns               ;
; N/A                                     ; 73.53 MHz ( period = 13.600 ns )                    ; mode.1000 ; mode.1000 ; clk        ; clk      ; None                        ; None                      ; 12.891 ns               ;
; N/A                                     ; 73.54 MHz ( period = 13.598 ns )                    ; Mode.111  ; q[6][2]   ; clk        ; clk      ; None                        ; None                      ; 12.889 ns               ;
; N/A                                     ; 73.82 MHz ( period = 13.546 ns )                    ; mode.1010 ; q[4][2]   ; clk        ; clk      ; None                        ; None                      ; 12.837 ns               ;
; N/A                                     ; 73.90 MHz ( period = 13.531 ns )                    ; mode.0010 ; Mode.011  ; clk        ; clk      ; None                        ; None                      ; 12.822 ns               ;
; N/A                                     ; 73.90 MHz ( period = 13.531 ns )                    ; mode.0010 ; q[3][5]   ; clk        ; clk      ; None                        ; None                      ; 12.822 ns               ;
; N/A                                     ; 73.90 MHz ( period = 13.531 ns )                    ; mode.0010 ; q[2][5]   ; clk        ; clk      ; None                        ; None                      ; 12.822 ns               ;
; N/A                                     ; 73.90 MHz ( period = 13.531 ns )                    ; mode.0010 ; q[1][7]   ; clk        ; clk      ; None                        ; None                      ; 12.822 ns               ;
; N/A                                     ; 73.96 MHz ( period = 13.521 ns )                    ; mode.1010 ; q[3][4]   ; clk        ; clk      ; None                        ; None                      ; 12.812 ns               ;
; N/A                                     ; 73.99 MHz ( period = 13.516 ns )                    ; mode.1001 ; mode.0100 ; clk        ; clk      ; None                        ; None                      ; 12.807 ns               ;
; N/A                                     ; 74.05 MHz ( period = 13.505 ns )                    ; Mode.110  ; mode.1000 ; clk        ; clk      ; None                        ; None                      ; 12.796 ns               ;
; N/A                                     ; 74.09 MHz ( period = 13.498 ns )                    ; mode.0110 ; q[3][4]   ; clk        ; clk      ; None                        ; None                      ; 12.789 ns               ;
; N/A                                     ; 74.15 MHz ( period = 13.486 ns )                    ; mode.1001 ; mode.0011 ; clk        ; clk      ; None                        ; None                      ; 12.777 ns               ;
; N/A                                     ; 74.16 MHz ( period = 13.485 ns )                    ; Mode.000  ; mode.1000 ; clk        ; clk      ; None                        ; None                      ; 12.776 ns               ;
; N/A                                     ; 74.21 MHz ( period = 13.475 ns )                    ; Mode.010  ; q[3][0]   ; clk        ; clk      ; None                        ; None                      ; 12.766 ns               ;
; N/A                                     ; 74.22 MHz ( period = 13.474 ns )                    ; Mode.110  ; q[3][2]   ; clk        ; clk      ; None                        ; None                      ; 12.765 ns               ;
; N/A                                     ; 74.22 MHz ( period = 13.473 ns )                    ; Mode.100  ; mode.0110 ; clk        ; clk      ; None                        ; None                      ; 12.764 ns               ;
; N/A                                     ; 74.26 MHz ( period = 13.466 ns )                    ; Mode.100  ; q[5][1]   ; clk        ; clk      ; None                        ; None                      ; 12.757 ns               ;
; N/A                                     ; 74.31 MHz ( period = 13.458 ns )                    ; Mode.100  ; q[5][0]   ; clk        ; clk      ; None                        ; None                      ; 12.749 ns               ;
; N/A                                     ; 74.56 MHz ( period = 13.412 ns )                    ; mode.1000 ; mode.0011 ; clk        ; clk      ; None                        ; None                      ; 12.703 ns               ;
; N/A                                     ; 74.58 MHz ( period = 13.408 ns )                    ; mode.1000 ; q[5][2]   ; clk        ; clk      ; None                        ; None                      ; 12.699 ns               ;
; N/A                                     ; 74.59 MHz ( period = 13.406 ns )                    ; mode.0111 ; q[3][4]   ; clk        ; clk      ; None                        ; None                      ; 12.697 ns               ;
; N/A                                     ; 74.62 MHz ( period = 13.401 ns )                    ; Mode.111  ; Mode.100  ; clk        ; clk      ; None                        ; None                      ; 12.692 ns               ;
; N/A                                     ; 74.68 MHz ( period = 13.390 ns )                    ; Mode.000  ; Mode.011  ; clk        ; clk      ; None                        ; None                      ; 12.681 ns               ;
; N/A                                     ; 74.73 MHz ( period = 13.382 ns )                    ; Mode.100  ; q[5][2]   ; clk        ; clk      ; None                        ; None                      ; 12.673 ns               ;
; N/A                                     ; 74.84 MHz ( period = 13.361 ns )                    ; Mode.001  ; mode.1000 ; clk        ; clk      ; None                        ; None                      ; 12.652 ns               ;
; N/A                                     ; 74.86 MHz ( period = 13.359 ns )                    ; mode.1001 ; q[3][5]   ; clk        ; clk      ; None                        ; None                      ; 12.650 ns               ;
; N/A                                     ; 74.86 MHz ( period = 13.359 ns )                    ; mode.1001 ; q[2][5]   ; clk        ; clk      ; None                        ; None                      ; 12.650 ns               ;
; N/A                                     ; 74.86 MHz ( period = 13.359 ns )                    ; mode.1001 ; q[1][7]   ; clk        ; clk      ; None                        ; None                      ; 12.650 ns               ;
; N/A                                     ; 74.94 MHz ( period = 13.344 ns )                    ; Mode.000  ; mode.0010 ; clk        ; clk      ; None                        ; None                      ; 12.635 ns               ;
; N/A                                     ; 74.96 MHz ( period = 13.341 ns )                    ; Mode.111  ; q[4][1]   ; clk        ; clk      ; None                        ; None                      ; 12.632 ns               ;
; N/A                                     ; 74.99 MHz ( period = 13.336 ns )                    ; mode.1001 ; Mode.001  ; clk        ; clk      ; None                        ; None                      ; 12.627 ns               ;
; N/A                                     ; 75.01 MHz ( period = 13.331 ns )                    ; mode.0011 ; q[3][4]   ; clk        ; clk      ; None                        ; None                      ; 12.622 ns               ;
; N/A                                     ; 75.09 MHz ( period = 13.317 ns )                    ; Mode.110  ; mode.0011 ; clk        ; clk      ; None                        ; None                      ; 12.608 ns               ;
; N/A                                     ; 75.12 MHz ( period = 13.312 ns )                    ; Mode.100  ; Mode.001  ; clk        ; clk      ; None                        ; None                      ; 12.603 ns               ;
; N/A                                     ; 75.14 MHz ( period = 13.309 ns )                    ; Mode.000  ; mode.0111 ; clk        ; clk      ; None                        ; None                      ; 12.600 ns               ;
; N/A                                     ; 75.19 MHz ( period = 13.300 ns )                    ; Mode.000  ; mode.0101 ; clk        ; clk      ; None                        ; None                      ; 12.591 ns               ;
; N/A                                     ; 75.20 MHz ( period = 13.297 ns )                    ; mode.1000 ; mode.0100 ; clk        ; clk      ; None                        ; None                      ; 12.588 ns               ;
; N/A                                     ; 75.37 MHz ( period = 13.267 ns )                    ; mode.1010 ; mode.0110 ; clk        ; clk      ; None                        ; None                      ; 12.558 ns               ;
; N/A                                     ; 75.40 MHz ( period = 13.262 ns )                    ; mode.0000 ; mode.0101 ; clk        ; clk      ; None                        ; None                      ; 12.553 ns               ;
; N/A                                     ; 75.42 MHz ( period = 13.259 ns )                    ; Mode.010  ; q[0][2]   ; clk        ; clk      ; None                        ; None                      ; 12.550 ns               ;
; N/A                                     ; 75.43 MHz ( period = 13.258 ns )                    ; Mode.100  ; q[7][2]   ; clk        ; clk      ; None                        ; None                      ; 12.549 ns               ;
; N/A                                     ; 75.45 MHz ( period = 13.254 ns )                    ; mode.0000 ; mode.0111 ; clk        ; clk      ; None                        ; None                      ; 12.545 ns               ;
; N/A                                     ; 75.50 MHz ( period = 13.245 ns )                    ; Mode.101  ; q[3][2]   ; clk        ; clk      ; None                        ; None                      ; 12.536 ns               ;
; N/A                                     ; 75.51 MHz ( period = 13.243 ns )                    ; mode.0000 ; mode.0010 ; clk        ; clk      ; None                        ; None                      ; 12.534 ns               ;
; N/A                                     ; 75.62 MHz ( period = 13.224 ns )                    ; mode.0011 ; q[1][2]   ; clk        ; clk      ; None                        ; None                      ; 12.515 ns               ;
; N/A                                     ; 75.65 MHz ( period = 13.219 ns )                    ; mode.1000 ; q[7][2]   ; clk        ; clk      ; None                        ; None                      ; 12.510 ns               ;
; N/A                                     ; 75.73 MHz ( period = 13.204 ns )                    ; mode.0010 ; q[0][6]   ; clk        ; clk      ; None                        ; None                      ; 12.495 ns               ;
; N/A                                     ; 75.75 MHz ( period = 13.202 ns )                    ; Mode.100  ; Mode.111  ; clk        ; clk      ; None                        ; None                      ; 12.493 ns               ;
; N/A                                     ; 75.75 MHz ( period = 13.202 ns )                    ; Mode.110  ; mode.0100 ; clk        ; clk      ; None                        ; None                      ; 12.493 ns               ;
; N/A                                     ; 75.80 MHz ( period = 13.193 ns )                    ; Mode.101  ; q[5][1]   ; clk        ; clk      ; None                        ; None                      ; 12.484 ns               ;
; N/A                                     ; 75.84 MHz ( period = 13.185 ns )                    ; Mode.001  ; mode.0111 ; clk        ; clk      ; None                        ; None                      ; 12.476 ns               ;
; N/A                                     ; 75.87 MHz ( period = 13.180 ns )                    ; Mode.010  ; mode.0000 ; clk        ; clk      ; None                        ; None                      ; 12.471 ns               ;
; N/A                                     ; 75.88 MHz ( period = 13.178 ns )                    ; Mode.111  ; mode.0001 ; clk        ; clk      ; None                        ; None                      ; 12.469 ns               ;
; N/A                                     ; 75.90 MHz ( period = 13.176 ns )                    ; Mode.001  ; mode.0101 ; clk        ; clk      ; None                        ; None                      ; 12.467 ns               ;
; N/A                                     ; 75.96 MHz ( period = 13.165 ns )                    ; mode.0000 ; mode.1000 ; clk        ; clk      ; None                        ; None                      ; 12.456 ns               ;
; N/A                                     ; 75.96 MHz ( period = 13.165 ns )                    ; mode.0000 ; mode.0100 ; clk        ; clk      ; None                        ; None                      ; 12.456 ns               ;
; N/A                                     ; 75.99 MHz ( period = 13.159 ns )                    ; Mode.010  ; Mode.111  ; clk        ; clk      ; None                        ; None                      ; 12.450 ns               ;
; N/A                                     ; 76.01 MHz ( period = 13.157 ns )                    ; Mode.001  ; mode.0010 ; clk        ; clk      ; None                        ; None                      ; 12.448 ns               ;
; N/A                                     ; 76.02 MHz ( period = 13.154 ns )                    ; Mode.101  ; mode.0001 ; clk        ; clk      ; None                        ; None                      ; 12.445 ns               ;
; N/A                                     ; 76.09 MHz ( period = 13.142 ns )                    ; mode.0101 ; mode.0110 ; clk        ; clk      ; None                        ; None                      ; 12.433 ns               ;
; N/A                                     ; 76.11 MHz ( period = 13.139 ns )                    ; mode.0001 ; mode.0101 ; clk        ; clk      ; None                        ; None                      ; 12.430 ns               ;
; N/A                                     ; 76.12 MHz ( period = 13.138 ns )                    ; Mode.011  ; q[1][2]   ; clk        ; clk      ; None                        ; None                      ; 12.429 ns               ;
; N/A                                     ; 76.16 MHz ( period = 13.131 ns )                    ; mode.0001 ; mode.0111 ; clk        ; clk      ; None                        ; None                      ; 12.422 ns               ;
; N/A                                     ; 76.18 MHz ( period = 13.126 ns )                    ; Mode.100  ; q[3][2]   ; clk        ; clk      ; None                        ; None                      ; 12.417 ns               ;
; N/A                                     ; 76.21 MHz ( period = 13.121 ns )                    ; mode.1010 ; q[0][2]   ; clk        ; clk      ; None                        ; None                      ; 12.412 ns               ;
; N/A                                     ; 76.22 MHz ( period = 13.120 ns )                    ; mode.0001 ; mode.0010 ; clk        ; clk      ; None                        ; None                      ; 12.411 ns               ;
; N/A                                     ; 76.23 MHz ( period = 13.119 ns )                    ; Mode.000  ; q[3][4]   ; clk        ; clk      ; None                        ; None                      ; 12.410 ns               ;
; N/A                                     ; 76.26 MHz ( period = 13.113 ns )                    ; mode.0011 ; mode.0110 ; clk        ; clk      ; None                        ; None                      ; 12.404 ns               ;
; N/A                                     ; 76.28 MHz ( period = 13.109 ns )                    ; Mode.111  ; q[7][2]   ; clk        ; clk      ; None                        ; None                      ; 12.400 ns               ;
; N/A                                     ; 76.37 MHz ( period = 13.095 ns )                    ; mode.0100 ; mode.0101 ; clk        ; clk      ; None                        ; None                      ; 12.386 ns               ;
; N/A                                     ; 76.39 MHz ( period = 13.090 ns )                    ; mode.1010 ; Mode.011  ; clk        ; clk      ; None                        ; None                      ; 12.381 ns               ;
; N/A                                     ; 76.39 MHz ( period = 13.090 ns )                    ; mode.1010 ; q[3][5]   ; clk        ; clk      ; None                        ; None                      ; 12.381 ns               ;
; N/A                                     ; 76.39 MHz ( period = 13.090 ns )                    ; mode.1010 ; q[2][5]   ; clk        ; clk      ; None                        ; None                      ; 12.381 ns               ;
; N/A                                     ; 76.39 MHz ( period = 13.090 ns )                    ; mode.1010 ; q[1][7]   ; clk        ; clk      ; None                        ; None                      ; 12.381 ns               ;
; N/A                                     ; 76.41 MHz ( period = 13.087 ns )                    ; mode.0100 ; mode.0111 ; clk        ; clk      ; None                        ; None                      ; 12.378 ns               ;
; N/A                                     ; 76.41 MHz ( period = 13.087 ns )                    ; mode.0100 ; q[2][5]   ; clk        ; clk      ; None                        ; None                      ; 12.378 ns               ;
; N/A                                     ; 76.41 MHz ( period = 13.087 ns )                    ; mode.0100 ; q[1][7]   ; clk        ; clk      ; None                        ; None                      ; 12.378 ns               ;
; N/A                                     ; 76.44 MHz ( period = 13.083 ns )                    ; mode.0100 ; q[3][4]   ; clk        ; clk      ; None                        ; None                      ; 12.374 ns               ;
; N/A                                     ; 76.45 MHz ( period = 13.081 ns )                    ; Mode.010  ; q[0][1]   ; clk        ; clk      ; None                        ; None                      ; 12.372 ns               ;
; N/A                                     ; 76.48 MHz ( period = 13.076 ns )                    ; mode.0100 ; mode.0010 ; clk        ; clk      ; None                        ; None                      ; 12.367 ns               ;
; N/A                                     ; 76.48 MHz ( period = 13.076 ns )                    ; Mode.010  ; q[3][2]   ; clk        ; clk      ; None                        ; None                      ; 12.367 ns               ;
; N/A                                     ; 76.50 MHz ( period = 13.072 ns )                    ; mode.0101 ; Mode.001  ; clk        ; clk      ; None                        ; None                      ; 12.363 ns               ;
; N/A                                     ; 76.52 MHz ( period = 13.068 ns )                    ; Mode.111  ; mode.0000 ; clk        ; clk      ; None                        ; None                      ; 12.359 ns               ;
; N/A                                     ; 76.53 MHz ( period = 13.067 ns )                    ; mode.0110 ; Mode.011  ; clk        ; clk      ; None                        ; None                      ; 12.358 ns               ;
; N/A                                     ; 76.53 MHz ( period = 13.067 ns )                    ; Mode.101  ; Mode.100  ; clk        ; clk      ; None                        ; None                      ; 12.358 ns               ;
; N/A                                     ; 76.53 MHz ( period = 13.067 ns )                    ; mode.0110 ; q[3][5]   ; clk        ; clk      ; None                        ; None                      ; 12.358 ns               ;
; N/A                                     ; 76.53 MHz ( period = 13.067 ns )                    ; mode.0110 ; q[2][5]   ; clk        ; clk      ; None                        ; None                      ; 12.358 ns               ;
; N/A                                     ; 76.53 MHz ( period = 13.067 ns )                    ; mode.0110 ; q[1][7]   ; clk        ; clk      ; None                        ; None                      ; 12.358 ns               ;
; N/A                                     ; 76.56 MHz ( period = 13.061 ns )                    ; Mode.011  ; q[7][1]   ; clk        ; clk      ; None                        ; None                      ; 12.352 ns               ;
; N/A                                     ; 76.59 MHz ( period = 13.057 ns )                    ; Mode.110  ; q[3][4]   ; clk        ; clk      ; None                        ; None                      ; 12.348 ns               ;
; N/A                                     ; 76.68 MHz ( period = 13.042 ns )                    ; mode.0001 ; mode.1000 ; clk        ; clk      ; None                        ; None                      ; 12.333 ns               ;
; N/A                                     ; 76.68 MHz ( period = 13.042 ns )                    ; mode.0001 ; mode.0100 ; clk        ; clk      ; None                        ; None                      ; 12.333 ns               ;
; N/A                                     ; 76.69 MHz ( period = 13.039 ns )                    ; Mode.000  ; Mode.111  ; clk        ; clk      ; None                        ; None                      ; 12.330 ns               ;
; N/A                                     ; 76.71 MHz ( period = 13.036 ns )                    ; Mode.011  ; q[6][1]   ; clk        ; clk      ; None                        ; None                      ; 12.327 ns               ;
; N/A                                     ; 76.73 MHz ( period = 13.033 ns )                    ; Mode.011  ; q[6][2]   ; clk        ; clk      ; None                        ; None                      ; 12.324 ns               ;
; N/A                                     ; 76.88 MHz ( period = 13.008 ns )                    ; Mode.100  ; q[0][1]   ; clk        ; clk      ; None                        ; None                      ; 12.299 ns               ;
; N/A                                     ; 76.89 MHz ( period = 13.006 ns )                    ; mode.0100 ; mode.1000 ; clk        ; clk      ; None                        ; None                      ; 12.297 ns               ;
; N/A                                     ; 76.89 MHz ( period = 13.006 ns )                    ; mode.0100 ; mode.0100 ; clk        ; clk      ; None                        ; None                      ; 12.297 ns               ;
; N/A                                     ; 76.89 MHz ( period = 13.005 ns )                    ; mode.1000 ; q[3][4]   ; clk        ; clk      ; None                        ; None                      ; 12.296 ns               ;
; N/A                                     ; 76.93 MHz ( period = 12.998 ns )                    ; mode.0011 ; q[0][2]   ; clk        ; clk      ; None                        ; None                      ; 12.289 ns               ;
; N/A                                     ; 76.95 MHz ( period = 12.995 ns )                    ; mode.0011 ; q[1][1]   ; clk        ; clk      ; None                        ; None                      ; 12.286 ns               ;
; N/A                                     ; 76.95 MHz ( period = 12.995 ns )                    ; Mode.001  ; q[3][4]   ; clk        ; clk      ; None                        ; None                      ; 12.286 ns               ;
; N/A                                     ; 77.02 MHz ( period = 12.984 ns )                    ; Mode.000  ; mode.0110 ; clk        ; clk      ; None                        ; None                      ; 12.275 ns               ;
; N/A                                     ; 77.04 MHz ( period = 12.980 ns )                    ; mode.1100 ; mode.1000 ; clk        ; clk      ; None                        ; None                      ; 12.271 ns               ;
; N/A                                     ; 77.07 MHz ( period = 12.975 ns )                    ; mode.0111 ; Mode.011  ; clk        ; clk      ; None                        ; None                      ; 12.266 ns               ;
; N/A                                     ; 77.07 MHz ( period = 12.975 ns )                    ; mode.0111 ; q[3][5]   ; clk        ; clk      ; None                        ; None                      ; 12.266 ns               ;
; N/A                                     ; 77.07 MHz ( period = 12.975 ns )                    ; mode.0111 ; q[2][5]   ; clk        ; clk      ; None                        ; None                      ; 12.266 ns               ;
; N/A                                     ; 77.07 MHz ( period = 12.975 ns )                    ; mode.0111 ; q[1][7]   ; clk        ; clk      ; None                        ; None                      ; 12.266 ns               ;
; N/A                                     ; 77.08 MHz ( period = 12.974 ns )                    ; mode.1000 ; mode.0000 ; clk        ; clk      ; None                        ; None                      ; 12.265 ns               ;
; N/A                                     ; 77.27 MHz ( period = 12.941 ns )                    ; mode.0010 ; mode.1011 ; clk        ; clk      ; None                        ; None                      ; 12.232 ns               ;
; N/A                                     ; 77.32 MHz ( period = 12.934 ns )                    ; Mode.110  ; Mode.011  ; clk        ; clk      ; None                        ; None                      ; 12.225 ns               ;
; N/A                                     ; 77.32 MHz ( period = 12.934 ns )                    ; Mode.010  ; q[7][1]   ; clk        ; clk      ; None                        ; None                      ; 12.225 ns               ;
; N/A                                     ; 77.34 MHz ( period = 12.930 ns )                    ; Mode.011  ; mode.0110 ; clk        ; clk      ; None                        ; None                      ; 12.221 ns               ;
; N/A                                     ; 77.39 MHz ( period = 12.922 ns )                    ; mode.1001 ; Mode.011  ; clk        ; clk      ; None                        ; None                      ; 12.213 ns               ;
; N/A                                     ; 77.42 MHz ( period = 12.916 ns )                    ; mode.1010 ; q[1][2]   ; clk        ; clk      ; None                        ; None                      ; 12.207 ns               ;
; N/A                                     ; 77.44 MHz ( period = 12.914 ns )                    ; Mode.100  ; mode.0101 ; clk        ; clk      ; None                        ; None                      ; 12.205 ns               ;
; N/A                                     ; 77.47 MHz ( period = 12.908 ns )                    ; Mode.010  ; q[4][1]   ; clk        ; clk      ; None                        ; None                      ; 12.199 ns               ;
; Timing analysis restricted to 200 rows. ; To change the limit use Settings (Assignments menu) ;           ;           ;            ;          ;                             ;                           ;                         ;
+-----------------------------------------+-----------------------------------------------------+-----------+-----------+------------+----------+-----------------------------+---------------------------+-------------------------+


+----------------------------------------------------------------------------+
; tco                                                                        ;
+-------+--------------+------------+--------------+------------+------------+
; Slack ; Required tco ; Actual tco ; From         ; To         ; From Clock ;
+-------+--------------+------------+--------------+------------+------------+
; N/A   ; None         ; 17.260 ns  ; cnt_scan[15] ; segout[0]  ; clk        ;
; N/A   ; None         ; 17.087 ns  ; cnt_scan[13] ; segout[0]  ; clk        ;
; N/A   ; None         ; 16.798 ns  ; q[0][1]      ; segout[0]  ; clk        ;
; N/A   ; None         ; 16.730 ns  ; q[1][1]      ; segout[0]  ; clk        ;
; N/A   ; None         ; 16.673 ns  ; cnt_scan[13] ; segout[1]  ; clk        ;
; N/A   ; None         ; 16.631 ns  ; q[2][1]      ; segout[1]  ; clk        ;
; N/A   ; None         ; 16.532 ns  ; q[7][1]      ; segout[0]  ; clk        ;
; N/A   ; None         ; 16.502 ns  ; q[0][1]      ; segout[1]  ; clk        ;
; N/A   ; None         ; 16.446 ns  ; q[5][0]      ; segout[0]  ; clk        ;
; N/A   ; None         ; 16.443 ns  ; q[7][1]      ; segout[1]  ; clk        ;
; N/A   ; None         ; 16.434 ns  ; q[1][1]      ; segout[1]  ; clk        ;
; N/A   ; None         ; 16.372 ns  ; q[4][1]      ; segout[1]  ; clk        ;
; N/A   ; None         ; 16.337 ns  ; cnt_scan[15] ; segout[1]  ; clk        ;
; N/A   ; None         ; 16.291 ns  ; q[6][1]      ; segout[0]  ; clk        ;
; N/A   ; None         ; 16.277 ns  ; q[2][0]      ; segout[0]  ; clk        ;
; N/A   ; None         ; 16.202 ns  ; q[6][1]      ; segout[1]  ; clk        ;
; N/A   ; None         ; 16.117 ns  ; cnt_scan[14] ; segout[0]  ; clk        ;
; N/A   ; None         ; 16.112 ns  ; q[3][0]      ; segout[0]  ; clk        ;
; N/A   ; None         ; 16.066 ns  ; q[4][0]      ; segout[0]  ; clk        ;
; N/A   ; None         ; 16.025 ns  ; q[5][1]      ; segout[1]  ; clk        ;
; N/A   ; None         ; 15.706 ns  ; cnt_scan[13] ; segout[4]  ; clk        ;
; N/A   ; None         ; 15.653 ns  ; q[3][1]      ; segout[1]  ; clk        ;
; N/A   ; None         ; 15.612 ns  ; q[0][5]      ; segout[5]  ; clk        ;
; N/A   ; None         ; 15.492 ns  ; cnt_scan[13] ; segout[6]  ; clk        ;
; N/A   ; None         ; 15.379 ns  ; cnt_scan[13] ; segout[2]  ; clk        ;
; N/A   ; None         ; 15.197 ns  ; cnt_scan[14] ; segout[6]  ; clk        ;
; N/A   ; None         ; 15.194 ns  ; cnt_scan[14] ; segout[1]  ; clk        ;
; N/A   ; None         ; 15.179 ns  ; q[6][2]      ; segout[2]  ; clk        ;
; N/A   ; None         ; 15.141 ns  ; q[2][5]      ; segout[5]  ; clk        ;
; N/A   ; None         ; 14.883 ns  ; q[2][2]      ; segout[2]  ; clk        ;
; N/A   ; None         ; 14.860 ns  ; q[5][2]      ; segout[2]  ; clk        ;
; N/A   ; None         ; 14.857 ns  ; cnt_scan[15] ; segout[6]  ; clk        ;
; N/A   ; None         ; 14.797 ns  ; q[1][2]      ; segout[2]  ; clk        ;
; N/A   ; None         ; 14.779 ns  ; q[3][5]      ; segout[5]  ; clk        ;
; N/A   ; None         ; 14.751 ns  ; q[7][5]      ; segout[5]  ; clk        ;
; N/A   ; None         ; 14.718 ns  ; q[1][7]      ; segout[5]  ; clk        ;
; N/A   ; None         ; 14.616 ns  ; q[0][2]      ; segout[2]  ; clk        ;
; N/A   ; None         ; 14.555 ns  ; cnt_scan[14] ; segout[2]  ; clk        ;
; N/A   ; None         ; 14.517 ns  ; q[3][5]      ; segout[3]  ; clk        ;
; N/A   ; None         ; 14.493 ns  ; q[4][2]      ; segout[2]  ; clk        ;
; N/A   ; None         ; 14.489 ns  ; q[7][5]      ; segout[3]  ; clk        ;
; N/A   ; None         ; 14.322 ns  ; cnt_scan[14] ; segout[4]  ; clk        ;
; N/A   ; None         ; 14.266 ns  ; q[7][2]      ; segout[2]  ; clk        ;
; N/A   ; None         ; 14.213 ns  ; cnt_scan[13] ; segout[5]  ; clk        ;
; N/A   ; None         ; 14.209 ns  ; q[0][5]      ; segout[4]  ; clk        ;
; N/A   ; None         ; 14.133 ns  ; q[7][5]      ; segout[4]  ; clk        ;
; N/A   ; None         ; 14.094 ns  ; q[2][5]      ; segout[3]  ; clk        ;
; N/A   ; None         ; 13.980 ns  ; q[0][6]      ; segout[6]  ; clk        ;
; N/A   ; None         ; 13.852 ns  ; q[3][2]      ; segout[2]  ; clk        ;
; N/A   ; None         ; 13.748 ns  ; q[0][5]      ; segout[3]  ; clk        ;
; N/A   ; None         ; 13.746 ns  ; q[3][4]      ; segout[4]  ; clk        ;
; N/A   ; None         ; 13.619 ns  ; q[1][6]      ; segout[6]  ; clk        ;
; N/A   ; None         ; 13.464 ns  ; q[1][7]      ; segout[7]  ; clk        ;
; N/A   ; None         ; 13.157 ns  ; cnt_scan[15] ; segout[5]  ; clk        ;
; N/A   ; None         ; 13.120 ns  ; q[1][7]      ; segout[4]  ; clk        ;
; N/A   ; None         ; 13.105 ns  ; q[1][7]      ; segout[3]  ; clk        ;
; N/A   ; None         ; 13.094 ns  ; cnt_scan[15] ; segout[2]  ; clk        ;
; N/A   ; None         ; 13.057 ns  ; cnt_scan[14] ; segout[5]  ; clk        ;
; N/A   ; None         ; 13.038 ns  ; cnt_scan[15] ; scanout[2] ; clk        ;
; N/A   ; None         ; 13.007 ns  ; cnt_scan[13] ; segout[7]  ; clk        ;
; N/A   ; None         ; 12.947 ns  ; cnt_scan[15] ; segout[4]  ; clk        ;
; N/A   ; None         ; 12.895 ns  ; cnt_scan[15] ; segout[3]  ; clk        ;
; N/A   ; None         ; 12.841 ns  ; cnt_scan[14] ; segout[3]  ; clk        ;
; N/A   ; None         ; 12.712 ns  ; cnt_scan[14] ; segout[7]  ; clk        ;
; N/A   ; None         ; 12.692 ns  ; q[0][7]      ; segout[7]  ; clk        ;
; N/A   ; None         ; 12.372 ns  ; cnt_scan[15] ; segout[7]  ; clk        ;
; N/A   ; None         ; 12.188 ns  ; cnt_scan[13] ; segout[3]  ; clk        ;
; N/A   ; None         ; 12.024 ns  ; cnt_scan[14] ; scanout[1] ; clk        ;
; N/A   ; None         ; 10.598 ns  ; cnt_scan[13] ; scanout[0] ; clk        ;
+-------+--------------+------------+--------------+------------+------------+


+--------------------------+
; Timing Analyzer Messages ;
+--------------------------+
Info: *******************************************************************
Info: Running Quartus II Classic Timing Analyzer
    Info: Version 8.1 Build 163 10/28/2008 SJ Web Edition
    Info: Processing started: Thu Dec 02 13:39:01 2021
Info: Command: quartus_tan --read_settings_files=off --write_settings_files=off game -c game
Info: Started post-fitting delay annotation
Info: Delay annotation completed successfully
Warning: Found pins functioning as undefined clocks and/or memory enables
    Info: Assuming node "clk" is an undefined clock
Warning: Found 1 node(s) in clock paths which may be acting as ripple and/or gated clocks -- node(s) analyzed as buffer(s) resulting in clock skew
    Info: Detected ripple clock "clk1" as buffer
Info: Clock "clk" has Internal fmax of 64.65 MHz between source register "Mode.010" and destination register "mode.1000" (period= 15.468 ns)
    Info: + Longest register to register delay is 14.759 ns
        Info: 1: + IC(0.000 ns) + CELL(0.000 ns) = 0.000 ns; Loc. = LC_X11_Y2_N9; Fanout = 50; REG Node = 'Mode.010'
        Info: 2: + IC(3.877 ns) + CELL(0.740 ns) = 4.617 ns; Loc. = LC_X11_Y7_N8; Fanout = 9; COMB Node = 'Selector31~2302'
        Info: 3: + IC(0.722 ns) + CELL(0.914 ns) = 6.253 ns; Loc. = LC_X11_Y7_N4; Fanout = 2; COMB Node = 'Selector70~4222'
        Info: 4: + IC(0.767 ns) + CELL(0.511 ns) = 7.531 ns; Loc. = LC_X11_Y7_N1; Fanout = 2; COMB Node = 'Selector70~4223'
        Info: 5: + IC(0.305 ns) + CELL(0.200 ns) = 8.036 ns; Loc. = LC_X11_Y7_N2; Fanout = 9; COMB Node = 'Selector70~4225'
        Info: 6: + IC(3.038 ns) + CELL(0.740 ns) = 11.814 ns; Loc. = LC_X12_Y7_N6; Fanout = 1; COMB Node = 'Selector72~397'
        Info: 7: + IC(1.884 ns) + CELL(1.061 ns) = 14.759 ns; Loc. = LC_X11_Y5_N0; Fanout = 36; REG Node = 'mode.1000'
        Info: Total cell delay = 4.166 ns ( 28.23 % )
        Info: Total interconnect delay = 10.593 ns ( 71.77 % )
    Info: - Smallest clock skew is 0.000 ns
        Info: + Shortest clock path from clock "clk" to destination register is 7.877 ns
            Info: 1: + IC(0.000 ns) + CELL(1.163 ns) = 1.163 ns; Loc. = PIN_18; Fanout = 27; CLK Node = 'clk'
            Info: 2: + IC(1.600 ns) + CELL(1.294 ns) = 4.057 ns; Loc. = LC_X10_Y3_N3; Fanout = 51; REG Node = 'clk1'
            Info: 3: + IC(2.902 ns) + CELL(0.918 ns) = 7.877 ns; Loc. = LC_X11_Y5_N0; Fanout = 36; REG Node = 'mode.1000'
            Info: Total cell delay = 3.375 ns ( 42.85 % )
            Info: Total interconnect delay = 4.502 ns ( 57.15 % )
        Info: - Longest clock path from clock "clk" to source register is 7.877 ns
            Info: 1: + IC(0.000 ns) + CELL(1.163 ns) = 1.163 ns; Loc. = PIN_18; Fanout = 27; CLK Node = 'clk'
            Info: 2: + IC(1.600 ns) + CELL(1.294 ns) = 4.057 ns; Loc. = LC_X10_Y3_N3; Fanout = 51; REG Node = 'clk1'
            Info: 3: + IC(2.902 ns) + CELL(0.918 ns) = 7.877 ns; Loc. = LC_X11_Y2_N9; Fanout = 50; REG Node = 'Mode.010'
            Info: Total cell delay = 3.375 ns ( 42.85 % )
            Info: Total interconnect delay = 4.502 ns ( 57.15 % )
    Info: + Micro clock to output delay of source is 0.376 ns
    Info: + Micro setup delay of destination is 0.333 ns
Info: tco from clock "clk" to destination pin "segout[0]" through register "cnt_scan[15]" is 17.260 ns
    Info: + Longest clock path from clock "clk" to source register is 3.681 ns
        Info: 1: + IC(0.000 ns) + CELL(1.163 ns) = 1.163 ns; Loc. = PIN_18; Fanout = 27; CLK Node = 'clk'
        Info: 2: + IC(1.600 ns) + CELL(0.918 ns) = 3.681 ns; Loc. = LC_X10_Y3_N5; Fanout = 15; REG Node = 'cnt_scan[15]'
        Info: Total cell delay = 2.081 ns ( 56.53 % )
        Info: Total interconnect delay = 1.600 ns ( 43.47 % )
    Info: + Micro clock to output delay of source is 0.376 ns
    Info: + Longest register to pin delay is 13.203 ns
        Info: 1: + IC(0.000 ns) + CELL(0.000 ns) = 0.000 ns; Loc. = LC_X10_Y3_N5; Fanout = 15; REG Node = 'cnt_scan[15]'
        Info: 2: + IC(0.928 ns) + CELL(0.914 ns) = 1.842 ns; Loc. = LC_X10_Y3_N7; Fanout = 3; COMB Node = 'Mux7~281'
        Info: 3: + IC(4.462 ns) + CELL(0.740 ns) = 7.044 ns; Loc. = LC_X3_Y6_N4; Fanout = 1; COMB Node = 'Mux7~284'
        Info: 4: + IC(1.136 ns) + CELL(0.200 ns) = 8.380 ns; Loc. = LC_X3_Y6_N0; Fanout = 1; COMB Node = 'Mux7~286'
        Info: 5: + IC(0.305 ns) + CELL(0.200 ns) = 8.885 ns; Loc. = LC_X3_Y6_N1; Fanout = 1; COMB Node = 'Mux7~288'
        Info: 6: + IC(1.996 ns) + CELL(2.322 ns) = 13.203 ns; Loc. = PIN_12; Fanout = 0; PIN Node = 'segout[0]'
        Info: Total cell delay = 4.376 ns ( 33.14 % )
        Info: Total interconnect delay = 8.827 ns ( 66.86 % )
Info: Quartus II Classic Timing Analyzer was successful. 0 errors, 2 warnings
    Info: Peak virtual memory: 191 megabytes
    Info: Processing ended: Thu Dec 02 13:39:04 2021
    Info: Elapsed time: 00:00:03
    Info: Total CPU time (on all processors): 00:00:02


